../Core/Src/main.c:92:5:main	40	static
../Core/Src/main.c:160:6:SystemClock_Config	136	static
../Core/Src/main.c:210:13:MX_ADC_Init	16	static
../Core/Src/main.c:274:13:MX_TIM2_Init	32	static
../Core/Src/main.c:319:13:MX_TIM3_Init	32	static
../Core/Src/main.c:364:13:MX_TIM21_Init	32	static
../Core/Src/main.c:409:13:MX_USART1_UART_Init	8	static
../Core/Src/main.c:445:13:MX_USART2_UART_Init	8	static
../Core/Src/main.c:478:13:MX_DMA_Init	16	static
../Core/Src/main.c:496:13:MX_GPIO_Init	56	static
../Core/Src/main.c:551:6:test_DMA	24	static
../Core/Src/main.c:563:6:lirexbee	24	static
../Core/Src/main.c:598:6:HAL_UARTEx_RxEventCallback	16	static
../Core/Src/main.c:615:6:HAL_TIM_PeriodElapsedCallback	16	static
../Core/Src/main.c:632:6:Error_Handler	8	static,ignoring_inline_asm
