../Core/Src/main.c:92:5:main	40	static
../Core/Src/main.c:164:6:SystemClock_Config	136	static
../Core/Src/main.c:214:13:MX_ADC_Init	16	static
../Core/Src/main.c:278:13:MX_TIM2_Init	32	static
../Core/Src/main.c:323:13:MX_TIM3_Init	32	static
../Core/Src/main.c:368:13:MX_TIM21_Init	32	static
../Core/Src/main.c:413:13:MX_USART1_UART_Init	8	static
../Core/Src/main.c:449:13:MX_USART2_UART_Init	8	static
../Core/Src/main.c:482:13:MX_DMA_Init	16	static
../Core/Src/main.c:500:13:MX_GPIO_Init	56	static
../Core/Src/main.c:555:6:test_DMA	24	static
../Core/Src/main.c:567:6:lirexbee	24	static
../Core/Src/main.c:602:6:HAL_UARTEx_RxEventCallback	16	static
../Core/Src/main.c:619:6:HAL_TIM_PeriodElapsedCallback	16	static
../Core/Src/main.c:636:6:Error_Handler	8	static,ignoring_inline_asm
