main.c:210:5:main	72	static
main.c:410:6:SystemClock_Config	136	static
main.c:459:13:MX_SPI2_Init	8	static
main.c:497:13:MX_TIM3_Init	32	static
main.c:542:13:MX_USART2_UART_Init	8	static
main.c:577:13:MX_USART5_UART_Init	8	static
main.c:612:13:MX_GPIO_Init	56	static
main.c:672:6:select_mux	16	static
main.c:679:6:scan_sensors	16	static
main.c:727:6:HAL_UART_RxCpltCallback	16	static
main.c:738:6:HAL_TIM_PeriodElapsedCallback	16	static
main.c:747:6:check_coordinator	8	static
main.c:751:6:invert_lsB_msB	72	static
main.c:761:6:xbee_send_string	336	static
main.c:796:6:xbee_send_alert	280	static
main.c:804:6:read_xbee	120	static
main.c:940:6:Error_Handler	8	static,ignoring_inline_asm
