main.c:334:5:main	72	static
main.c:542:6:SystemClock_Config	136	static
main.c:591:13:MX_SPI2_Init	8	static
main.c:629:13:MX_TIM2_Init	32	static
main.c:674:13:MX_TIM3_Init	32	static
main.c:719:13:MX_USART2_UART_Init	8	static
main.c:754:13:MX_USART5_UART_Init	8	static
main.c:789:13:MX_GPIO_Init	56	static
main.c:849:6:select_mux	16	static
main.c:856:6:scan_sensors	16	static
main.c:904:6:HAL_UART_RxCpltCallback	16	static
main.c:915:6:HAL_TIM_PeriodElapsedCallback	16	static
main.c:923:6:update_bee_rate	8	static
main.c:930:6:update_signal	8	static
main.c:937:6:invert_lsB_msB	72	static
main.c:947:6:xbee_send_string	336	static
main.c:982:6:xbee_send_alert	280	static
main.c:993:6:read_xbee	120	static
main.c:1130:6:Error_Handler	8	static,ignoring_inline_asm
