13:41:36 **** Incremental Build of configuration Debug for project pgm_comtage ****
make -j8 all 
arm-none-eabi-gcc "../Core/Src/main.c" -mcpu=cortex-m0plus -std=gnu11 -g3 -DDEBUG -DUSE_HAL_DRIVER -DSTM32L073xx -c -I../Core/Inc -I../Drivers/STM32L0xx_HAL_Driver/Inc -I../Drivers/STM32L0xx_HAL_Driver/Inc/Legacy -I../Drivers/CMSIS/Device/ST/STM32L0xx/Include -I../Drivers/CMSIS/Include -I"../Core/xbee/include" -O0 -ffunction-sections -fdata-sections -Wall -fstack-usage -MMD -MP -MF"Core/Src/main.d" -MT"Core/Src/main.o" --specs=nano.specs -mfloat-abi=soft -mthumb -o "Core/Src/main.o"
../Core/Src/main.c:133:2: error: redeclaration of enumerator 'idle'
  133 |  idle,
      |  ^~~~
../Core/Src/main.c:68:18: note: previous definition of 'idle' was here
   68 | enum {lora_init, idle, sparse_polling, fine_polling, lora_alert} master_state;
      |                  ^~~~
../Core/Src/main.c: In function 'main':
../Core/Src/main.c:236:33: warning: pointer targets in passing argument 2 of 'HAL_UART_Transmit' differ in signedness [-Wpointer-sign]
  236 |      HAL_UART_Transmit(&huart5, "+++", 3, 100);
      |                                 ^~~~~
      |                                 |
      |                                 char *
In file included from ../Core/Inc/stm32l0xx_hal_conf.h:280,
                 from ../Drivers/STM32L0xx_HAL_Driver/Inc/stm32l0xx_hal.h:30,
                 from ../Core/Inc/main.h:31,
                 from ../Core/Src/main.c:21:
../Drivers/STM32L0xx_HAL_Driver/Inc/stm32l0xx_hal_uart.h:1488:73: note: expected 'uint8_t *' {aka 'unsigned char *'} but argument is of type 'char *'
 1488 | HAL_StatusTypeDef HAL_UART_Transmit(UART_HandleTypeDef *huart, uint8_t *pData, uint16_t Size, uint32_t Timeout);
      |                                                                ~~~~~~~~~^~~~~
../Core/Src/main.c:255:33: warning: pointer targets in passing argument 2 of 'HAL_UART_Transmit' differ in signedness [-Wpointer-sign]
  255 |      HAL_UART_Transmit(&huart5, "ATRE\r", 5, 100);
      |                                 ^~~~~~~~
      |                                 |
      |                                 char *
In file included from ../Core/Inc/stm32l0xx_hal_conf.h:280,
                 from ../Drivers/STM32L0xx_HAL_Driver/Inc/stm32l0xx_hal.h:30,
                 from ../Core/Inc/main.h:31,
                 from ../Core/Src/main.c:21:
../Drivers/STM32L0xx_HAL_Driver/Inc/stm32l0xx_hal_uart.h:1488:73: note: expected 'uint8_t *' {aka 'unsigned char *'} but argument is of type 'char *'
 1488 | HAL_StatusTypeDef HAL_UART_Transmit(UART_HandleTypeDef *huart, uint8_t *pData, uint16_t Size, uint32_t Timeout);
      |                                                                ~~~~~~~~~^~~~~
../Core/Src/main.c:275:7: warning: implicit declaration of function 'sprintf' [-Wimplicit-function-declaration]
  275 |       sprintf(string, "ATWR\r");
      |       ^~~~~~~
../Core/Src/main.c:275:7: warning: incompatible implicit declaration of built-in function 'sprintf'
../Core/Src/main.c:22:1: note: include '<stdio.h>' or provide a declaration of 'sprintf'
   21 | #include "main.h"
  +++ |+#include <stdio.h>
   22 | 
../Core/Src/main.c:277:11: warning: incompatible implicit declaration of built-in function 'sprintf'
  277 |      else sprintf(string, "AT%s%s\r", config[config_step][0], config[config_step][1]);
      |           ^~~~~~~
../Core/Src/main.c:277:11: note: include '<stdio.h>' or provide a declaration of 'sprintf'
../Core/Src/main.c:279:41: warning: implicit declaration of function 'strlen' [-Wimplicit-function-declaration]
  279 |      HAL_UART_Transmit(&huart5, string, strlen(string), 100);
      |                                         ^~~~~~
../Core/Src/main.c:279:41: warning: incompatible implicit declaration of built-in function 'strlen'
../Core/Src/main.c:22:1: note: include '<string.h>' or provide a declaration of 'strlen'
   21 | #include "main.h"
  +++ |+#include <string.h>
   22 | 
../Core/Src/main.c:279:33: warning: pointer targets in passing argument 2 of 'HAL_UART_Transmit' differ in signedness [-Wpointer-sign]
  279 |      HAL_UART_Transmit(&huart5, string, strlen(string), 100);
      |                                 ^~~~~~
      |                                 |
      |                                 char *
In file included from ../Core/Inc/stm32l0xx_hal_conf.h:280,
                 from ../Drivers/STM32L0xx_HAL_Driver/Inc/stm32l0xx_hal.h:30,
                 from ../Core/Inc/main.h:31,
                 from ../Core/Src/main.c:21:
../Drivers/STM32L0xx_HAL_Driver/Inc/stm32l0xx_hal_uart.h:1488:73: note: expected 'uint8_t *' {aka 'unsigned char *'} but argument is of type 'char *'
 1488 | HAL_StatusTypeDef HAL_UART_Transmit(UART_HandleTypeDef *huart, uint8_t *pData, uint16_t Size, uint32_t Timeout);
      |                                                                ~~~~~~~~~^~~~~
../Core/Src/main.c:321:7: error: duplicate case value
  321 |       case idle:
      |       ^~~~
../Core/Src/main.c:319:7: note: previously used here
  319 |       case lora_init: ;
      |       ^~~~
../Core/Src/main.c: In function 'xbee_send_string':
../Core/Src/main.c:603:27: warning: incompatible implicit declaration of built-in function 'strlen'
  603 |  tx_frame.length = 0x0E + strlen(string);
      |                           ^~~~~~
../Core/Src/main.c:603:27: note: include '<string.h>' or provide a declaration of 'strlen'
../Core/Src/main.c:603:34: warning: pointer targets in passing argument 1 of 'strlen' differ in signedness [-Wpointer-sign]
  603 |  tx_frame.length = 0x0E + strlen(string);
      |                                  ^~~~~~
      |                                  |
      |                                  uint8_t * {aka unsigned char *}
../Core/Src/main.c:603:34: note: expected 'const char *' but argument is of type 'uint8_t *' {aka 'unsigned char *'}
../Core/Src/main.c:611:2: warning: implicit declaration of function 'memcpy' [-Wimplicit-function-declaration]
  611 |  memcpy(tx_frame.content, string, strlen(string));
      |  ^~~~~~
../Core/Src/main.c:611:2: warning: incompatible implicit declaration of built-in function 'memcpy'
../Core/Src/main.c:611:2: note: include '<string.h>' or provide a declaration of 'memcpy'
../Core/Src/main.c:611:42: warning: pointer targets in passing argument 1 of 'strlen' differ in signedness [-Wpointer-sign]
  611 |  memcpy(tx_frame.content, string, strlen(string));
      |                                          ^~~~~~
      |                                          |
      |                                          uint8_t * {aka unsigned char *}
../Core/Src/main.c:611:42: note: expected 'const char *' but argument is of type 'uint8_t *' {aka 'unsigned char *'}
../Core/Src/main.c:625:29: warning: pointer targets in passing argument 2 of 'HAL_UART_Transmit' differ in signedness [-Wpointer-sign]
  625 |  HAL_UART_Transmit(&huart5, "~", 1, 100);
      |                             ^~~
      |                             |
      |                             char *
In file included from ../Core/Inc/stm32l0xx_hal_conf.h:280,
                 from ../Drivers/STM32L0xx_HAL_Driver/Inc/stm32l0xx_hal.h:30,
                 from ../Core/Inc/main.h:31,
                 from ../Core/Src/main.c:21:
../Drivers/STM32L0xx_HAL_Driver/Inc/stm32l0xx_hal_uart.h:1488:73: note: expected 'uint8_t *' {aka 'unsigned char *'} but argument is of type 'char *'
 1488 | HAL_StatusTypeDef HAL_UART_Transmit(UART_HandleTypeDef *huart, uint8_t *pData, uint16_t Size, uint32_t Timeout);
      |                                                                ~~~~~~~~~^~~~~
../Core/Src/main.c:629:29: warning: passing argument 2 of 'HAL_UART_Transmit' from incompatible pointer type [-Wincompatible-pointer-types]
  629 |  HAL_UART_Transmit(&huart5, &tx_frame.address64, 8, 100);
      |                             ^~~~~~~~~~~~~~~~~~~
      |                             |
      |                             uint64_t * {aka long long unsigned int *}
In file included from ../Core/Inc/stm32l0xx_hal_conf.h:280,
                 from ../Drivers/STM32L0xx_HAL_Driver/Inc/stm32l0xx_hal.h:30,
                 from ../Core/Inc/main.h:31,
                 from ../Core/Src/main.c:21:
../Drivers/STM32L0xx_HAL_Driver/Inc/stm32l0xx_hal_uart.h:1488:73: note: expected 'uint8_t *' {aka 'unsigned char *'} but argument is of type 'uint64_t *' {aka 'long long unsigned int *'}
 1488 | HAL_StatusTypeDef HAL_UART_Transmit(UART_HandleTypeDef *huart, uint8_t *pData, uint16_t Size, uint32_t Timeout);
      |                                                                ~~~~~~~~~^~~~~
../Core/Src/main.c:630:29: warning: passing argument 2 of 'HAL_UART_Transmit' from incompatible pointer type [-Wincompatible-pointer-types]
  630 |  HAL_UART_Transmit(&huart5, &tx_frame.address16, 2, 100);
      |                             ^~~~~~~~~~~~~~~~~~~
      |                             |
      |                             uint16_t * {aka short unsigned int *}
In file included from ../Core/Inc/stm32l0xx_hal_conf.h:280,
                 from ../Drivers/STM32L0xx_HAL_Driver/Inc/stm32l0xx_hal.h:30,
                 from ../Core/Inc/main.h:31,
                 from ../Core/Src/main.c:21:
../Drivers/STM32L0xx_HAL_Driver/Inc/stm32l0xx_hal_uart.h:1488:73: note: expected 'uint8_t *' {aka 'unsigned char *'} but argument is of type 'uint16_t *' {aka 'short unsigned int *'}
 1488 | HAL_StatusTypeDef HAL_UART_Transmit(UART_HandleTypeDef *huart, uint8_t *pData, uint16_t Size, uint32_t Timeout);
      |                                                                ~~~~~~~~~^~~~~
../Core/Src/main.c:633:55: warning: pointer targets in passing argument 1 of 'strlen' differ in signedness [-Wpointer-sign]
  633 |  HAL_UART_Transmit(&huart5, &tx_frame.content, strlen(string), 100);
      |                                                       ^~~~~~
      |                                                       |
      |                                                       uint8_t * {aka unsigned char *}
../Core/Src/main.c:633:55: note: expected 'const char *' but argument is of type 'uint8_t *' {aka 'unsigned char *'}
../Core/Src/main.c:633:29: warning: passing argument 2 of 'HAL_UART_Transmit' from incompatible pointer type [-Wincompatible-pointer-types]
  633 |  HAL_UART_Transmit(&huart5, &tx_frame.content, strlen(string), 100);
      |                             ^~~~~~~~~~~~~~~~~
      |                             |
      |                             uint8_t (*)[256] {aka unsigned char (*)[256]}
In file included from ../Core/Inc/stm32l0xx_hal_conf.h:280,
                 from ../Drivers/STM32L0xx_HAL_Driver/Inc/stm32l0xx_hal.h:30,
                 from ../Core/Inc/main.h:31,
                 from ../Core/Src/main.c:21:
../Drivers/STM32L0xx_HAL_Driver/Inc/stm32l0xx_hal_uart.h:1488:73: note: expected 'uint8_t *' {aka 'unsigned char *'} but argument is of type 'uint8_t (*)[256]' {aka 'unsigned char (*)[256]'}
 1488 | HAL_StatusTypeDef HAL_UART_Transmit(UART_HandleTypeDef *huart, uint8_t *pData, uint16_t Size, uint32_t Timeout);
      |                                                                ~~~~~~~~~^~~~~
../Core/Src/main.c: In function 'xbee_send_alert':
../Core/Src/main.c:638:2: warning: incompatible implicit declaration of built-in function 'sprintf'
  638 |  sprintf(string, "E%u_%li\n", (uint8_t)123, bee_count);
      |  ^~~~~~~
../Core/Src/main.c:638:2: note: include '<stdio.h>' or provide a declaration of 'sprintf'
../Core/Src/main.c:638:10: warning: pointer targets in passing argument 1 of 'sprintf' differ in signedness [-Wpointer-sign]
  638 |  sprintf(string, "E%u_%li\n", (uint8_t)123, bee_count);
      |          ^~~~~~
      |          |
      |          uint8_t * {aka unsigned char *}
../Core/Src/main.c:638:10: note: expected 'char *' but argument is of type 'uint8_t *' {aka 'unsigned char *'}
make: *** [Core/Src/subdir.mk:34: Core/Src/main.o] Error 1
"make -j8 all" terminated with exit code 2. Build might be incomplete.
15:02:08 **** Incremental Build of configuration Debug for project pgm_comtage ****
make -j8 all 
arm-none-eabi-gcc "../Core/Src/main.c" -mcpu=cortex-m0plus -std=gnu11 -g3 -DDEBUG -DUSE_HAL_DRIVER -DSTM32L073xx -c -I../Core/Inc -I../Drivers/STM32L0xx_HAL_Driver/Inc -I../Drivers/STM32L0xx_HAL_Driver/Inc/Legacy -I../Drivers/CMSIS/Device/ST/STM32L0xx/Include -I../Drivers/CMSIS/Include -I"../Core/xbee/include" -O0 -ffunction-sections -fdata-sections -Wall -fstack-usage -MMD -MP -MF"Core/Src/main.d" -MT"Core/Src/main.o" --specs=nano.specs -mfloat-abi=soft -mthumb -o "Core/Src/main.o"
../Core/Src/main.c: In function 'main':
../Core/Src/main.c:236:33: warning: pointer targets in passing argument 2 of 'HAL_UART_Transmit' differ in signedness [-Wpointer-sign]
  236 |      HAL_UART_Transmit(&huart5, "+++", 3, 100);
      |                                 ^~~~~
      |                                 |
      |                                 char *
In file included from ../Core/Inc/stm32l0xx_hal_conf.h:280,
                 from ../Drivers/STM32L0xx_HAL_Driver/Inc/stm32l0xx_hal.h:30,
                 from ../Core/Inc/main.h:31,
                 from ../Core/Src/main.c:21:
../Drivers/STM32L0xx_HAL_Driver/Inc/stm32l0xx_hal_uart.h:1488:73: note: expected 'uint8_t *' {aka 'unsigned char *'} but argument is of type 'char *'
 1488 | HAL_StatusTypeDef HAL_UART_Transmit(UART_HandleTypeDef *huart, uint8_t *pData, uint16_t Size, uint32_t Timeout);
      |                                                                ~~~~~~~~~^~~~~
../Core/Src/main.c:255:33: warning: pointer targets in passing argument 2 of 'HAL_UART_Transmit' differ in signedness [-Wpointer-sign]
  255 |      HAL_UART_Transmit(&huart5, "ATRE\r", 5, 100);
      |                                 ^~~~~~~~
      |                                 |
      |                                 char *
In file included from ../Core/Inc/stm32l0xx_hal_conf.h:280,
                 from ../Drivers/STM32L0xx_HAL_Driver/Inc/stm32l0xx_hal.h:30,
                 from ../Core/Inc/main.h:31,
                 from ../Core/Src/main.c:21:
../Drivers/STM32L0xx_HAL_Driver/Inc/stm32l0xx_hal_uart.h:1488:73: note: expected 'uint8_t *' {aka 'unsigned char *'} but argument is of type 'char *'
 1488 | HAL_StatusTypeDef HAL_UART_Transmit(UART_HandleTypeDef *huart, uint8_t *pData, uint16_t Size, uint32_t Timeout);
      |                                                                ~~~~~~~~~^~~~~
../Core/Src/main.c:275:7: warning: implicit declaration of function 'sprintf' [-Wimplicit-function-declaration]
  275 |       sprintf(string, "ATWR\r");
      |       ^~~~~~~
../Core/Src/main.c:275:7: warning: incompatible implicit declaration of built-in function 'sprintf'
../Core/Src/main.c:22:1: note: include '<stdio.h>' or provide a declaration of 'sprintf'
   21 | #include "main.h"
  +++ |+#include <stdio.h>
   22 | 
../Core/Src/main.c:277:11: warning: incompatible implicit declaration of built-in function 'sprintf'
  277 |      else sprintf(string, "AT%s%s\r", config[config_step][0], config[config_step][1]);
      |           ^~~~~~~
../Core/Src/main.c:277:11: note: include '<stdio.h>' or provide a declaration of 'sprintf'
../Core/Src/main.c:279:41: warning: implicit declaration of function 'strlen' [-Wimplicit-function-declaration]
  279 |      HAL_UART_Transmit(&huart5, string, strlen(string), 100);
      |                                         ^~~~~~
../Core/Src/main.c:279:41: warning: incompatible implicit declaration of built-in function 'strlen'
../Core/Src/main.c:22:1: note: include '<string.h>' or provide a declaration of 'strlen'
   21 | #include "main.h"
  +++ |+#include <string.h>
   22 | 
../Core/Src/main.c:279:33: warning: pointer targets in passing argument 2 of 'HAL_UART_Transmit' differ in signedness [-Wpointer-sign]
  279 |      HAL_UART_Transmit(&huart5, string, strlen(string), 100);
      |                                 ^~~~~~
      |                                 |
      |                                 char *
In file included from ../Core/Inc/stm32l0xx_hal_conf.h:280,
                 from ../Drivers/STM32L0xx_HAL_Driver/Inc/stm32l0xx_hal.h:30,
                 from ../Core/Inc/main.h:31,
                 from ../Core/Src/main.c:21:
../Drivers/STM32L0xx_HAL_Driver/Inc/stm32l0xx_hal_uart.h:1488:73: note: expected 'uint8_t *' {aka 'unsigned char *'} but argument is of type 'char *'
 1488 | HAL_StatusTypeDef HAL_UART_Transmit(UART_HandleTypeDef *huart, uint8_t *pData, uint16_t Size, uint32_t Timeout);
      |                                                                ~~~~~~~~~^~~~~
../Core/Src/main.c: In function 'xbee_send_string':
../Core/Src/main.c:603:27: warning: incompatible implicit declaration of built-in function 'strlen'
  603 |  tx_frame.length = 0x0E + strlen(string);
      |                           ^~~~~~
../Core/Src/main.c:603:27: note: include '<string.h>' or provide a declaration of 'strlen'
../Core/Src/main.c:603:34: warning: pointer targets in passing argument 1 of 'strlen' differ in signedness [-Wpointer-sign]
  603 |  tx_frame.length = 0x0E + strlen(string);
      |                                  ^~~~~~
      |                                  |
      |                                  uint8_t * {aka unsigned char *}
../Core/Src/main.c:603:34: note: expected 'const char *' but argument is of type 'uint8_t *' {aka 'unsigned char *'}
../Core/Src/main.c:611:2: warning: implicit declaration of function 'memcpy' [-Wimplicit-function-declaration]
  611 |  memcpy(tx_frame.content, string, strlen(string));
      |  ^~~~~~
../Core/Src/main.c:611:2: warning: incompatible implicit declaration of built-in function 'memcpy'
../Core/Src/main.c:611:2: note: include '<string.h>' or provide a declaration of 'memcpy'
../Core/Src/main.c:611:42: warning: pointer targets in passing argument 1 of 'strlen' differ in signedness [-Wpointer-sign]
  611 |  memcpy(tx_frame.content, string, strlen(string));
      |                                          ^~~~~~
      |                                          |
      |                                          uint8_t * {aka unsigned char *}
../Core/Src/main.c:611:42: note: expected 'const char *' but argument is of type 'uint8_t *' {aka 'unsigned char *'}
../Core/Src/main.c:625:29: warning: pointer targets in passing argument 2 of 'HAL_UART_Transmit' differ in signedness [-Wpointer-sign]
  625 |  HAL_UART_Transmit(&huart5, "~", 1, 100);
      |                             ^~~
      |                             |
      |                             char *
In file included from ../Core/Inc/stm32l0xx_hal_conf.h:280,
                 from ../Drivers/STM32L0xx_HAL_Driver/Inc/stm32l0xx_hal.h:30,
                 from ../Core/Inc/main.h:31,
                 from ../Core/Src/main.c:21:
../Drivers/STM32L0xx_HAL_Driver/Inc/stm32l0xx_hal_uart.h:1488:73: note: expected 'uint8_t *' {aka 'unsigned char *'} but argument is of type 'char *'
 1488 | HAL_StatusTypeDef HAL_UART_Transmit(UART_HandleTypeDef *huart, uint8_t *pData, uint16_t Size, uint32_t Timeout);
      |                                                                ~~~~~~~~~^~~~~
../Core/Src/main.c:629:29: warning: passing argument 2 of 'HAL_UART_Transmit' from incompatible pointer type [-Wincompatible-pointer-types]
  629 |  HAL_UART_Transmit(&huart5, &tx_frame.address64, 8, 100);
      |                             ^~~~~~~~~~~~~~~~~~~
      |                             |
      |                             uint64_t * {aka long long unsigned int *}
In file included from ../Core/Inc/stm32l0xx_hal_conf.h:280,
                 from ../Drivers/STM32L0xx_HAL_Driver/Inc/stm32l0xx_hal.h:30,
                 from ../Core/Inc/main.h:31,
                 from ../Core/Src/main.c:21:
../Drivers/STM32L0xx_HAL_Driver/Inc/stm32l0xx_hal_uart.h:1488:73: note: expected 'uint8_t *' {aka 'unsigned char *'} but argument is of type 'uint64_t *' {aka 'long long unsigned int *'}
 1488 | HAL_StatusTypeDef HAL_UART_Transmit(UART_HandleTypeDef *huart, uint8_t *pData, uint16_t Size, uint32_t Timeout);
      |                                                                ~~~~~~~~~^~~~~
../Core/Src/main.c:630:29: warning: passing argument 2 of 'HAL_UART_Transmit' from incompatible pointer type [-Wincompatible-pointer-types]
  630 |  HAL_UART_Transmit(&huart5, &tx_frame.address16, 2, 100);
      |                             ^~~~~~~~~~~~~~~~~~~
      |                             |
      |                             uint16_t * {aka short unsigned int *}
In file included from ../Core/Inc/stm32l0xx_hal_conf.h:280,
                 from ../Drivers/STM32L0xx_HAL_Driver/Inc/stm32l0xx_hal.h:30,
                 from ../Core/Inc/main.h:31,
                 from ../Core/Src/main.c:21:
../Drivers/STM32L0xx_HAL_Driver/Inc/stm32l0xx_hal_uart.h:1488:73: note: expected 'uint8_t *' {aka 'unsigned char *'} but argument is of type 'uint16_t *' {aka 'short unsigned int *'}
 1488 | HAL_StatusTypeDef HAL_UART_Transmit(UART_HandleTypeDef *huart, uint8_t *pData, uint16_t Size, uint32_t Timeout);
      |                                                                ~~~~~~~~~^~~~~
../Core/Src/main.c:633:55: warning: pointer targets in passing argument 1 of 'strlen' differ in signedness [-Wpointer-sign]
  633 |  HAL_UART_Transmit(&huart5, &tx_frame.content, strlen(string), 100);
      |                                                       ^~~~~~
      |                                                       |
      |                                                       uint8_t * {aka unsigned char *}
../Core/Src/main.c:633:55: note: expected 'const char *' but argument is of type 'uint8_t *' {aka 'unsigned char *'}
../Core/Src/main.c:633:29: warning: passing argument 2 of 'HAL_UART_Transmit' from incompatible pointer type [-Wincompatible-pointer-types]
  633 |  HAL_UART_Transmit(&huart5, &tx_frame.content, strlen(string), 100);
      |                             ^~~~~~~~~~~~~~~~~
      |                             |
      |                             uint8_t (*)[256] {aka unsigned char (*)[256]}
In file included from ../Core/Inc/stm32l0xx_hal_conf.h:280,
                 from ../Drivers/STM32L0xx_HAL_Driver/Inc/stm32l0xx_hal.h:30,
                 from ../Core/Inc/main.h:31,
                 from ../Core/Src/main.c:21:
../Drivers/STM32L0xx_HAL_Driver/Inc/stm32l0xx_hal_uart.h:1488:73: note: expected 'uint8_t *' {aka 'unsigned char *'} but argument is of type 'uint8_t (*)[256]' {aka 'unsigned char (*)[256]'}
 1488 | HAL_StatusTypeDef HAL_UART_Transmit(UART_HandleTypeDef *huart, uint8_t *pData, uint16_t Size, uint32_t Timeout);
      |                                                                ~~~~~~~~~^~~~~
../Core/Src/main.c: In function 'xbee_send_alert':
../Core/Src/main.c:638:2: warning: incompatible implicit declaration of built-in function 'sprintf'
  638 |  sprintf(string, "E%u_%li\n", (uint8_t)123, bee_count);
      |  ^~~~~~~
../Core/Src/main.c:638:2: note: include '<stdio.h>' or provide a declaration of 'sprintf'
../Core/Src/main.c:638:10: warning: pointer targets in passing argument 1 of 'sprintf' differ in signedness [-Wpointer-sign]
  638 |  sprintf(string, "E%u_%li\n", (uint8_t)123, bee_count);
      |          ^~~~~~
      |          |
      |          uint8_t * {aka unsigned char *}
../Core/Src/main.c:638:10: note: expected 'char *' but argument is of type 'uint8_t *' {aka 'unsigned char *'}
arm-none-eabi-gcc -o "pgm_comtage.elf" @"objects.list"   -mcpu=cortex-m0plus -T"C:\Users\antoine.serry\Desktop\Nouveau dossier\SysBee\programmes\cubeWorkspace\pgm_comtage\STM32L073CZTX_FLASH.ld" --specs=nosys.specs -Wl,-Map="pgm_comtage.map" -Wl,--gc-sections -static --specs=nano.specs -mfloat-abi=soft -mthumb -Wl,--start-group -lc -lm -Wl,--end-group
Finished building target: pgm_comtage.elf
 
arm-none-eabi-size   pgm_comtage.elf 
arm-none-eabi-objdump -h -S  pgm_comtage.elf  > "pgm_comtage.list"
arm-none-eabi-objcopy  -O binary  pgm_comtage.elf  "pgm_comtage.bin"
   text	   data	    bss	    dec	    hex	filename
  18304	    556	   2156	  21016	   5218	pgm_comtage.elf
Finished building: default.size.stdout
 
Finished building: pgm_comtage.bin
 
Finished building: pgm_comtage.list
 
15:04:32 **** Incremental Build of configuration Debug for project pgm_comtage ****
make -j8 all 
arm-none-eabi-size   pgm_comtage.elf 
   text	   data	    bss	    dec	    hex	filename
  18304	    556	   2156	  21016	   5218	pgm_comtage.elf
Finished building: default.size.stdout
 
15:06:27 **** Incremental Build of configuration Debug for project pgm_comtage ****
make -j8 all 
arm-none-eabi-size   pgm_comtage.elf 
   text	   data	    bss	    dec	    hex	filename
  18304	    556	   2156	  21016	   5218	pgm_comtage.elf
Finished building: default.size.stdout
 
15:08:02 **** Incremental Build of configuration Debug for project pgm_comtage ****
make -j8 all 
arm-none-eabi-gcc "../Core/Src/main.c" -mcpu=cortex-m0plus -std=gnu11 -g3 -DDEBUG -DUSE_HAL_DRIVER -DSTM32L073xx -c -I../Core/Inc -I../Drivers/STM32L0xx_HAL_Driver/Inc -I../Drivers/STM32L0xx_HAL_Driver/Inc/Legacy -I../Drivers/CMSIS/Device/ST/STM32L0xx/Include -I../Drivers/CMSIS/Include -I"../Core/xbee/include" -O0 -ffunction-sections -fdata-sections -Wall -fstack-usage -MMD -MP -MF"Core/Src/main.d" -MT"Core/Src/main.o" --specs=nano.specs -mfloat-abi=soft -mthumb -o "Core/Src/main.o"
../Core/Src/main.c: In function 'main':
../Core/Src/main.c:236:33: warning: pointer targets in passing argument 2 of 'HAL_UART_Transmit' differ in signedness [-Wpointer-sign]
  236 |      HAL_UART_Transmit(&huart5, "+++", 3, 100);
      |                                 ^~~~~
      |                                 |
      |                                 char *
In file included from ../Core/Inc/stm32l0xx_hal_conf.h:280,
                 from ../Drivers/STM32L0xx_HAL_Driver/Inc/stm32l0xx_hal.h:30,
                 from ../Core/Inc/main.h:31,
                 from ../Core/Src/main.c:21:
../Drivers/STM32L0xx_HAL_Driver/Inc/stm32l0xx_hal_uart.h:1488:73: note: expected 'uint8_t *' {aka 'unsigned char *'} but argument is of type 'char *'
 1488 | HAL_StatusTypeDef HAL_UART_Transmit(UART_HandleTypeDef *huart, uint8_t *pData, uint16_t Size, uint32_t Timeout);
      |                                                                ~~~~~~~~~^~~~~
../Core/Src/main.c:255:33: warning: pointer targets in passing argument 2 of 'HAL_UART_Transmit' differ in signedness [-Wpointer-sign]
  255 |      HAL_UART_Transmit(&huart5, "ATRE\r", 5, 100);
      |                                 ^~~~~~~~
      |                                 |
      |                                 char *
In file included from ../Core/Inc/stm32l0xx_hal_conf.h:280,
                 from ../Drivers/STM32L0xx_HAL_Driver/Inc/stm32l0xx_hal.h:30,
                 from ../Core/Inc/main.h:31,
                 from ../Core/Src/main.c:21:
../Drivers/STM32L0xx_HAL_Driver/Inc/stm32l0xx_hal_uart.h:1488:73: note: expected 'uint8_t *' {aka 'unsigned char *'} but argument is of type 'char *'
 1488 | HAL_StatusTypeDef HAL_UART_Transmit(UART_HandleTypeDef *huart, uint8_t *pData, uint16_t Size, uint32_t Timeout);
      |                                                                ~~~~~~~~~^~~~~
../Core/Src/main.c:275:7: warning: implicit declaration of function 'sprintf' [-Wimplicit-function-declaration]
  275 |       sprintf(string, "ATWR\r");
      |       ^~~~~~~
../Core/Src/main.c:275:7: warning: incompatible implicit declaration of built-in function 'sprintf'
../Core/Src/main.c:22:1: note: include '<stdio.h>' or provide a declaration of 'sprintf'
   21 | #include "main.h"
  +++ |+#include <stdio.h>
   22 | 
../Core/Src/main.c:277:11: warning: incompatible implicit declaration of built-in function 'sprintf'
  277 |      else sprintf(string, "AT%s%s\r", config[config_step][0], config[config_step][1]);
      |           ^~~~~~~
../Core/Src/main.c:277:11: note: include '<stdio.h>' or provide a declaration of 'sprintf'
../Core/Src/main.c:279:41: warning: implicit declaration of function 'strlen' [-Wimplicit-function-declaration]
  279 |      HAL_UART_Transmit(&huart5, string, strlen(string), 100);
      |                                         ^~~~~~
../Core/Src/main.c:279:41: warning: incompatible implicit declaration of built-in function 'strlen'
../Core/Src/main.c:22:1: note: include '<string.h>' or provide a declaration of 'strlen'
   21 | #include "main.h"
  +++ |+#include <string.h>
   22 | 
../Core/Src/main.c:279:33: warning: pointer targets in passing argument 2 of 'HAL_UART_Transmit' differ in signedness [-Wpointer-sign]
  279 |      HAL_UART_Transmit(&huart5, string, strlen(string), 100);
      |                                 ^~~~~~
      |                                 |
      |                                 char *
In file included from ../Core/Inc/stm32l0xx_hal_conf.h:280,
                 from ../Drivers/STM32L0xx_HAL_Driver/Inc/stm32l0xx_hal.h:30,
                 from ../Core/Inc/main.h:31,
                 from ../Core/Src/main.c:21:
../Drivers/STM32L0xx_HAL_Driver/Inc/stm32l0xx_hal_uart.h:1488:73: note: expected 'uint8_t *' {aka 'unsigned char *'} but argument is of type 'char *'
 1488 | HAL_StatusTypeDef HAL_UART_Transmit(UART_HandleTypeDef *huart, uint8_t *pData, uint16_t Size, uint32_t Timeout);
      |                                                                ~~~~~~~~~^~~~~
../Core/Src/main.c:317:19: error: 'fin_polling' undeclared (first use in this function); did you mean 'fine_polling'?
  317 |    master_state = fin_polling;
      |                   ^~~~~~~~~~~
      |                   fine_polling
../Core/Src/main.c:317:19: note: each undeclared identifier is reported only once for each function it appears in
../Core/Src/main.c: In function 'xbee_send_string':
../Core/Src/main.c:604:27: warning: incompatible implicit declaration of built-in function 'strlen'
  604 |  tx_frame.length = 0x0E + strlen(string);
      |                           ^~~~~~
../Core/Src/main.c:604:27: note: include '<string.h>' or provide a declaration of 'strlen'
../Core/Src/main.c:604:34: warning: pointer targets in passing argument 1 of 'strlen' differ in signedness [-Wpointer-sign]
  604 |  tx_frame.length = 0x0E + strlen(string);
      |                                  ^~~~~~
      |                                  |
      |                                  uint8_t * {aka unsigned char *}
../Core/Src/main.c:604:34: note: expected 'const char *' but argument is of type 'uint8_t *' {aka 'unsigned char *'}
../Core/Src/main.c:612:2: warning: implicit declaration of function 'memcpy' [-Wimplicit-function-declaration]
  612 |  memcpy(tx_frame.content, string, strlen(string));
      |  ^~~~~~
../Core/Src/main.c:612:2: warning: incompatible implicit declaration of built-in function 'memcpy'
../Core/Src/main.c:612:2: note: include '<string.h>' or provide a declaration of 'memcpy'
../Core/Src/main.c:612:42: warning: pointer targets in passing argument 1 of 'strlen' differ in signedness [-Wpointer-sign]
  612 |  memcpy(tx_frame.content, string, strlen(string));
      |                                          ^~~~~~
      |                                          |
      |                                          uint8_t * {aka unsigned char *}
../Core/Src/main.c:612:42: note: expected 'const char *' but argument is of type 'uint8_t *' {aka 'unsigned char *'}
../Core/Src/main.c:626:29: warning: pointer targets in passing argument 2 of 'HAL_UART_Transmit' differ in signedness [-Wpointer-sign]
  626 |  HAL_UART_Transmit(&huart5, "~", 1, 100);
      |                             ^~~
      |                             |
      |                             char *
In file included from ../Core/Inc/stm32l0xx_hal_conf.h:280,
                 from ../Drivers/STM32L0xx_HAL_Driver/Inc/stm32l0xx_hal.h:30,
                 from ../Core/Inc/main.h:31,
                 from ../Core/Src/main.c:21:
../Drivers/STM32L0xx_HAL_Driver/Inc/stm32l0xx_hal_uart.h:1488:73: note: expected 'uint8_t *' {aka 'unsigned char *'} but argument is of type 'char *'
 1488 | HAL_StatusTypeDef HAL_UART_Transmit(UART_HandleTypeDef *huart, uint8_t *pData, uint16_t Size, uint32_t Timeout);
      |                                                                ~~~~~~~~~^~~~~
../Core/Src/main.c:630:29: warning: passing argument 2 of 'HAL_UART_Transmit' from incompatible pointer type [-Wincompatible-pointer-types]
  630 |  HAL_UART_Transmit(&huart5, &tx_frame.address64, 8, 100);
      |                             ^~~~~~~~~~~~~~~~~~~
      |                             |
      |                             uint64_t * {aka long long unsigned int *}
In file included from ../Core/Inc/stm32l0xx_hal_conf.h:280,
                 from ../Drivers/STM32L0xx_HAL_Driver/Inc/stm32l0xx_hal.h:30,
                 from ../Core/Inc/main.h:31,
                 from ../Core/Src/main.c:21:
../Drivers/STM32L0xx_HAL_Driver/Inc/stm32l0xx_hal_uart.h:1488:73: note: expected 'uint8_t *' {aka 'unsigned char *'} but argument is of type 'uint64_t *' {aka 'long long unsigned int *'}
 1488 | HAL_StatusTypeDef HAL_UART_Transmit(UART_HandleTypeDef *huart, uint8_t *pData, uint16_t Size, uint32_t Timeout);
      |                                                                ~~~~~~~~~^~~~~
../Core/Src/main.c:631:29: warning: passing argument 2 of 'HAL_UART_Transmit' from incompatible pointer type [-Wincompatible-pointer-types]
  631 |  HAL_UART_Transmit(&huart5, &tx_frame.address16, 2, 100);
      |                             ^~~~~~~~~~~~~~~~~~~
      |                             |
      |                             uint16_t * {aka short unsigned int *}
In file included from ../Core/Inc/stm32l0xx_hal_conf.h:280,
                 from ../Drivers/STM32L0xx_HAL_Driver/Inc/stm32l0xx_hal.h:30,
                 from ../Core/Inc/main.h:31,
                 from ../Core/Src/main.c:21:
../Drivers/STM32L0xx_HAL_Driver/Inc/stm32l0xx_hal_uart.h:1488:73: note: expected 'uint8_t *' {aka 'unsigned char *'} but argument is of type 'uint16_t *' {aka 'short unsigned int *'}
 1488 | HAL_StatusTypeDef HAL_UART_Transmit(UART_HandleTypeDef *huart, uint8_t *pData, uint16_t Size, uint32_t Timeout);
      |                                                                ~~~~~~~~~^~~~~
../Core/Src/main.c:634:55: warning: pointer targets in passing argument 1 of 'strlen' differ in signedness [-Wpointer-sign]
  634 |  HAL_UART_Transmit(&huart5, &tx_frame.content, strlen(string), 100);
      |                                                       ^~~~~~
      |                                                       |
      |                                                       uint8_t * {aka unsigned char *}
../Core/Src/main.c:634:55: note: expected 'const char *' but argument is of type 'uint8_t *' {aka 'unsigned char *'}
../Core/Src/main.c:634:29: warning: passing argument 2 of 'HAL_UART_Transmit' from incompatible pointer type [-Wincompatible-pointer-types]
  634 |  HAL_UART_Transmit(&huart5, &tx_frame.content, strlen(string), 100);
      |                             ^~~~~~~~~~~~~~~~~
      |                             |
      |                             uint8_t (*)[256] {aka unsigned char (*)[256]}
In file included from ../Core/Inc/stm32l0xx_hal_conf.h:280,
                 from ../Drivers/STM32L0xx_HAL_Driver/Inc/stm32l0xx_hal.h:30,
                 from ../Core/Inc/main.h:31,
                 from ../Core/Src/main.c:21:
../Drivers/STM32L0xx_HAL_Driver/Inc/stm32l0xx_hal_uart.h:1488:73: note: expected 'uint8_t *' {aka 'unsigned char *'} but argument is of type 'uint8_t (*)[256]' {aka 'unsigned char (*)[256]'}
 1488 | HAL_StatusTypeDef HAL_UART_Transmit(UART_HandleTypeDef *huart, uint8_t *pData, uint16_t Size, uint32_t Timeout);
      |                                                                ~~~~~~~~~^~~~~
../Core/Src/main.c: In function 'xbee_send_alert':
../Core/Src/main.c:639:2: warning: incompatible implicit declaration of built-in function 'sprintf'
  639 |  sprintf(string, "E%u_%li\n", (uint8_t)123, bee_count);
      |  ^~~~~~~
../Core/Src/main.c:639:2: note: include '<stdio.h>' or provide a declaration of 'sprintf'
../Core/Src/main.c:639:10: warning: pointer targets in passing argument 1 of 'sprintf' differ in signedness [-Wpointer-sign]
  639 |  sprintf(string, "E%u_%li\n", (uint8_t)123, bee_count);
      |          ^~~~~~
      |          |
      |          uint8_t * {aka unsigned char *}
../Core/Src/main.c:639:10: note: expected 'char *' but argument is of type 'uint8_t *' {aka 'unsigned char *'}
make: *** [Core/Src/subdir.mk:34: Core/Src/main.o] Error 1
"make -j8 all" terminated with exit code 2. Build might be incomplete.
15:08:13 **** Incremental Build of configuration Debug for project pgm_comtage ****
make -j8 all 
arm-none-eabi-gcc "../Core/Src/main.c" -mcpu=cortex-m0plus -std=gnu11 -g3 -DDEBUG -DUSE_HAL_DRIVER -DSTM32L073xx -c -I../Core/Inc -I../Drivers/STM32L0xx_HAL_Driver/Inc -I../Drivers/STM32L0xx_HAL_Driver/Inc/Legacy -I../Drivers/CMSIS/Device/ST/STM32L0xx/Include -I../Drivers/CMSIS/Include -I"../Core/xbee/include" -O0 -ffunction-sections -fdata-sections -Wall -fstack-usage -MMD -MP -MF"Core/Src/main.d" -MT"Core/Src/main.o" --specs=nano.specs -mfloat-abi=soft -mthumb -o "Core/Src/main.o"
../Core/Src/main.c: In function 'main':
../Core/Src/main.c:236:33: warning: pointer targets in passing argument 2 of 'HAL_UART_Transmit' differ in signedness [-Wpointer-sign]
  236 |      HAL_UART_Transmit(&huart5, "+++", 3, 100);
      |                                 ^~~~~
      |                                 |
      |                                 char *
In file included from ../Core/Inc/stm32l0xx_hal_conf.h:280,
                 from ../Drivers/STM32L0xx_HAL_Driver/Inc/stm32l0xx_hal.h:30,
                 from ../Core/Inc/main.h:31,
                 from ../Core/Src/main.c:21:
../Drivers/STM32L0xx_HAL_Driver/Inc/stm32l0xx_hal_uart.h:1488:73: note: expected 'uint8_t *' {aka 'unsigned char *'} but argument is of type 'char *'
 1488 | HAL_StatusTypeDef HAL_UART_Transmit(UART_HandleTypeDef *huart, uint8_t *pData, uint16_t Size, uint32_t Timeout);
      |                                                                ~~~~~~~~~^~~~~
../Core/Src/main.c:255:33: warning: pointer targets in passing argument 2 of 'HAL_UART_Transmit' differ in signedness [-Wpointer-sign]
  255 |      HAL_UART_Transmit(&huart5, "ATRE\r", 5, 100);
      |                                 ^~~~~~~~
      |                                 |
      |                                 char *
In file included from ../Core/Inc/stm32l0xx_hal_conf.h:280,
                 from ../Drivers/STM32L0xx_HAL_Driver/Inc/stm32l0xx_hal.h:30,
                 from ../Core/Inc/main.h:31,
                 from ../Core/Src/main.c:21:
../Drivers/STM32L0xx_HAL_Driver/Inc/stm32l0xx_hal_uart.h:1488:73: note: expected 'uint8_t *' {aka 'unsigned char *'} but argument is of type 'char *'
 1488 | HAL_StatusTypeDef HAL_UART_Transmit(UART_HandleTypeDef *huart, uint8_t *pData, uint16_t Size, uint32_t Timeout);
      |                                                                ~~~~~~~~~^~~~~
../Core/Src/main.c:275:7: warning: implicit declaration of function 'sprintf' [-Wimplicit-function-declaration]
  275 |       sprintf(string, "ATWR\r");
      |       ^~~~~~~
../Core/Src/main.c:275:7: warning: incompatible implicit declaration of built-in function 'sprintf'
../Core/Src/main.c:22:1: note: include '<stdio.h>' or provide a declaration of 'sprintf'
   21 | #include "main.h"
  +++ |+#include <stdio.h>
   22 | 
../Core/Src/main.c:277:11: warning: incompatible implicit declaration of built-in function 'sprintf'
  277 |      else sprintf(string, "AT%s%s\r", config[config_step][0], config[config_step][1]);
      |           ^~~~~~~
../Core/Src/main.c:277:11: note: include '<stdio.h>' or provide a declaration of 'sprintf'
../Core/Src/main.c:279:41: warning: implicit declaration of function 'strlen' [-Wimplicit-function-declaration]
  279 |      HAL_UART_Transmit(&huart5, string, strlen(string), 100);
      |                                         ^~~~~~
../Core/Src/main.c:279:41: warning: incompatible implicit declaration of built-in function 'strlen'
../Core/Src/main.c:22:1: note: include '<string.h>' or provide a declaration of 'strlen'
   21 | #include "main.h"
  +++ |+#include <string.h>
   22 | 
../Core/Src/main.c:279:33: warning: pointer targets in passing argument 2 of 'HAL_UART_Transmit' differ in signedness [-Wpointer-sign]
  279 |      HAL_UART_Transmit(&huart5, string, strlen(string), 100);
      |                                 ^~~~~~
      |                                 |
      |                                 char *
In file included from ../Core/Inc/stm32l0xx_hal_conf.h:280,
                 from ../Drivers/STM32L0xx_HAL_Driver/Inc/stm32l0xx_hal.h:30,
                 from ../Core/Inc/main.h:31,
                 from ../Core/Src/main.c:21:
../Drivers/STM32L0xx_HAL_Driver/Inc/stm32l0xx_hal_uart.h:1488:73: note: expected 'uint8_t *' {aka 'unsigned char *'} but argument is of type 'char *'
 1488 | HAL_StatusTypeDef HAL_UART_Transmit(UART_HandleTypeDef *huart, uint8_t *pData, uint16_t Size, uint32_t Timeout);
      |                                                                ~~~~~~~~~^~~~~
../Core/Src/main.c: In function 'xbee_send_string':
../Core/Src/main.c:604:27: warning: incompatible implicit declaration of built-in function 'strlen'
  604 |  tx_frame.length = 0x0E + strlen(string);
      |                           ^~~~~~
../Core/Src/main.c:604:27: note: include '<string.h>' or provide a declaration of 'strlen'
../Core/Src/main.c:604:34: warning: pointer targets in passing argument 1 of 'strlen' differ in signedness [-Wpointer-sign]
  604 |  tx_frame.length = 0x0E + strlen(string);
      |                                  ^~~~~~
      |                                  |
      |                                  uint8_t * {aka unsigned char *}
../Core/Src/main.c:604:34: note: expected 'const char *' but argument is of type 'uint8_t *' {aka 'unsigned char *'}
../Core/Src/main.c:612:2: warning: implicit declaration of function 'memcpy' [-Wimplicit-function-declaration]
  612 |  memcpy(tx_frame.content, string, strlen(string));
      |  ^~~~~~
../Core/Src/main.c:612:2: warning: incompatible implicit declaration of built-in function 'memcpy'
../Core/Src/main.c:612:2: note: include '<string.h>' or provide a declaration of 'memcpy'
../Core/Src/main.c:612:42: warning: pointer targets in passing argument 1 of 'strlen' differ in signedness [-Wpointer-sign]
  612 |  memcpy(tx_frame.content, string, strlen(string));
      |                                          ^~~~~~
      |                                          |
      |                                          uint8_t * {aka unsigned char *}
../Core/Src/main.c:612:42: note: expected 'const char *' but argument is of type 'uint8_t *' {aka 'unsigned char *'}
../Core/Src/main.c:626:29: warning: pointer targets in passing argument 2 of 'HAL_UART_Transmit' differ in signedness [-Wpointer-sign]
  626 |  HAL_UART_Transmit(&huart5, "~", 1, 100);
      |                             ^~~
      |                             |
      |                             char *
In file included from ../Core/Inc/stm32l0xx_hal_conf.h:280,
                 from ../Drivers/STM32L0xx_HAL_Driver/Inc/stm32l0xx_hal.h:30,
                 from ../Core/Inc/main.h:31,
                 from ../Core/Src/main.c:21:
../Drivers/STM32L0xx_HAL_Driver/Inc/stm32l0xx_hal_uart.h:1488:73: note: expected 'uint8_t *' {aka 'unsigned char *'} but argument is of type 'char *'
 1488 | HAL_StatusTypeDef HAL_UART_Transmit(UART_HandleTypeDef *huart, uint8_t *pData, uint16_t Size, uint32_t Timeout);
      |                                                                ~~~~~~~~~^~~~~
../Core/Src/main.c:630:29: warning: passing argument 2 of 'HAL_UART_Transmit' from incompatible pointer type [-Wincompatible-pointer-types]
  630 |  HAL_UART_Transmit(&huart5, &tx_frame.address64, 8, 100);
      |                             ^~~~~~~~~~~~~~~~~~~
      |                             |
      |                             uint64_t * {aka long long unsigned int *}
In file included from ../Core/Inc/stm32l0xx_hal_conf.h:280,
                 from ../Drivers/STM32L0xx_HAL_Driver/Inc/stm32l0xx_hal.h:30,
                 from ../Core/Inc/main.h:31,
                 from ../Core/Src/main.c:21:
../Drivers/STM32L0xx_HAL_Driver/Inc/stm32l0xx_hal_uart.h:1488:73: note: expected 'uint8_t *' {aka 'unsigned char *'} but argument is of type 'uint64_t *' {aka 'long long unsigned int *'}
 1488 | HAL_StatusTypeDef HAL_UART_Transmit(UART_HandleTypeDef *huart, uint8_t *pData, uint16_t Size, uint32_t Timeout);
      |                                                                ~~~~~~~~~^~~~~
../Core/Src/main.c:631:29: warning: passing argument 2 of 'HAL_UART_Transmit' from incompatible pointer type [-Wincompatible-pointer-types]
  631 |  HAL_UART_Transmit(&huart5, &tx_frame.address16, 2, 100);
      |                             ^~~~~~~~~~~~~~~~~~~
      |                             |
      |                             uint16_t * {aka short unsigned int *}
In file included from ../Core/Inc/stm32l0xx_hal_conf.h:280,
                 from ../Drivers/STM32L0xx_HAL_Driver/Inc/stm32l0xx_hal.h:30,
                 from ../Core/Inc/main.h:31,
                 from ../Core/Src/main.c:21:
../Drivers/STM32L0xx_HAL_Driver/Inc/stm32l0xx_hal_uart.h:1488:73: note: expected 'uint8_t *' {aka 'unsigned char *'} but argument is of type 'uint16_t *' {aka 'short unsigned int *'}
 1488 | HAL_StatusTypeDef HAL_UART_Transmit(UART_HandleTypeDef *huart, uint8_t *pData, uint16_t Size, uint32_t Timeout);
      |                                                                ~~~~~~~~~^~~~~
../Core/Src/main.c:634:55: warning: pointer targets in passing argument 1 of 'strlen' differ in signedness [-Wpointer-sign]
  634 |  HAL_UART_Transmit(&huart5, &tx_frame.content, strlen(string), 100);
      |                                                       ^~~~~~
      |                                                       |
      |                                                       uint8_t * {aka unsigned char *}
../Core/Src/main.c:634:55: note: expected 'const char *' but argument is of type 'uint8_t *' {aka 'unsigned char *'}
../Core/Src/main.c:634:29: warning: passing argument 2 of 'HAL_UART_Transmit' from incompatible pointer type [-Wincompatible-pointer-types]
  634 |  HAL_UART_Transmit(&huart5, &tx_frame.content, strlen(string), 100);
      |                             ^~~~~~~~~~~~~~~~~
      |                             |
      |                             uint8_t (*)[256] {aka unsigned char (*)[256]}
In file included from ../Core/Inc/stm32l0xx_hal_conf.h:280,
                 from ../Drivers/STM32L0xx_HAL_Driver/Inc/stm32l0xx_hal.h:30,
                 from ../Core/Inc/main.h:31,
                 from ../Core/Src/main.c:21:
../Drivers/STM32L0xx_HAL_Driver/Inc/stm32l0xx_hal_uart.h:1488:73: note: expected 'uint8_t *' {aka 'unsigned char *'} but argument is of type 'uint8_t (*)[256]' {aka 'unsigned char (*)[256]'}
 1488 | HAL_StatusTypeDef HAL_UART_Transmit(UART_HandleTypeDef *huart, uint8_t *pData, uint16_t Size, uint32_t Timeout);
      |                                                                ~~~~~~~~~^~~~~
../Core/Src/main.c: In function 'xbee_send_alert':
../Core/Src/main.c:639:2: warning: incompatible implicit declaration of built-in function 'sprintf'
  639 |  sprintf(string, "E%u_%li\n", (uint8_t)123, bee_count);
      |  ^~~~~~~
../Core/Src/main.c:639:2: note: include '<stdio.h>' or provide a declaration of 'sprintf'
../Core/Src/main.c:639:10: warning: pointer targets in passing argument 1 of 'sprintf' differ in signedness [-Wpointer-sign]
  639 |  sprintf(string, "E%u_%li\n", (uint8_t)123, bee_count);
      |          ^~~~~~
      |          |
      |          uint8_t * {aka unsigned char *}
../Core/Src/main.c:639:10: note: expected 'char *' but argument is of type 'uint8_t *' {aka 'unsigned char *'}
arm-none-eabi-gcc -o "pgm_comtage.elf" @"objects.list"   -mcpu=cortex-m0plus -T"C:\Users\antoine.serry\Desktop\Nouveau dossier\SysBee\programmes\cubeWorkspace\pgm_comtage\STM32L073CZTX_FLASH.ld" --specs=nosys.specs -Wl,-Map="pgm_comtage.map" -Wl,--gc-sections -static --specs=nano.specs -mfloat-abi=soft -mthumb -Wl,--start-group -lc -lm -Wl,--end-group
Finished building target: pgm_comtage.elf
 
arm-none-eabi-size   pgm_comtage.elf 
arm-none-eabi-objdump -h -S  pgm_comtage.elf  > "pgm_comtage.list"
arm-none-eabi-objcopy  -O binary  pgm_comtage.elf  "pgm_comtage.bin"
   text	   data	    bss	    dec	    hex	filename
  18312	    556	   2156	  21024	   5220	pgm_comtage.elf
Finished building: default.size.stdout
 
Finished building: pgm_comtage.bin
 
Finished building: pgm_comtage.list
 
15:09:36 **** Incremental Build of configuration Debug for project pgm_comtage ****
make -j8 all 
arm-none-eabi-gcc "../Core/Src/main.c" -mcpu=cortex-m0plus -std=gnu11 -g3 -DDEBUG -DUSE_HAL_DRIVER -DSTM32L073xx -c -I../Core/Inc -I../Drivers/STM32L0xx_HAL_Driver/Inc -I../Drivers/STM32L0xx_HAL_Driver/Inc/Legacy -I../Drivers/CMSIS/Device/ST/STM32L0xx/Include -I../Drivers/CMSIS/Include -I"../Core/xbee/include" -O0 -ffunction-sections -fdata-sections -Wall -fstack-usage -MMD -MP -MF"Core/Src/main.d" -MT"Core/Src/main.o" --specs=nano.specs -mfloat-abi=soft -mthumb -o "Core/Src/main.o"
../Core/Src/main.c: In function 'main':
../Core/Src/main.c:236:33: warning: pointer targets in passing argument 2 of 'HAL_UART_Transmit' differ in signedness [-Wpointer-sign]
  236 |      HAL_UART_Transmit(&huart5, "+++", 3, 100);
      |                                 ^~~~~
      |                                 |
      |                                 char *
In file included from ../Core/Inc/stm32l0xx_hal_conf.h:280,
                 from ../Drivers/STM32L0xx_HAL_Driver/Inc/stm32l0xx_hal.h:30,
                 from ../Core/Inc/main.h:31,
                 from ../Core/Src/main.c:21:
../Drivers/STM32L0xx_HAL_Driver/Inc/stm32l0xx_hal_uart.h:1488:73: note: expected 'uint8_t *' {aka 'unsigned char *'} but argument is of type 'char *'
 1488 | HAL_StatusTypeDef HAL_UART_Transmit(UART_HandleTypeDef *huart, uint8_t *pData, uint16_t Size, uint32_t Timeout);
      |                                                                ~~~~~~~~~^~~~~
../Core/Src/main.c:255:33: warning: pointer targets in passing argument 2 of 'HAL_UART_Transmit' differ in signedness [-Wpointer-sign]
  255 |      HAL_UART_Transmit(&huart5, "ATRE\r", 5, 100);
      |                                 ^~~~~~~~
      |                                 |
      |                                 char *
In file included from ../Core/Inc/stm32l0xx_hal_conf.h:280,
                 from ../Drivers/STM32L0xx_HAL_Driver/Inc/stm32l0xx_hal.h:30,
                 from ../Core/Inc/main.h:31,
                 from ../Core/Src/main.c:21:
../Drivers/STM32L0xx_HAL_Driver/Inc/stm32l0xx_hal_uart.h:1488:73: note: expected 'uint8_t *' {aka 'unsigned char *'} but argument is of type 'char *'
 1488 | HAL_StatusTypeDef HAL_UART_Transmit(UART_HandleTypeDef *huart, uint8_t *pData, uint16_t Size, uint32_t Timeout);
      |                                                                ~~~~~~~~~^~~~~
../Core/Src/main.c:275:7: warning: implicit declaration of function 'sprintf' [-Wimplicit-function-declaration]
  275 |       sprintf(string, "ATWR\r");
      |       ^~~~~~~
../Core/Src/main.c:275:7: warning: incompatible implicit declaration of built-in function 'sprintf'
../Core/Src/main.c:22:1: note: include '<stdio.h>' or provide a declaration of 'sprintf'
   21 | #include "main.h"
  +++ |+#include <stdio.h>
   22 | 
../Core/Src/main.c:277:11: warning: incompatible implicit declaration of built-in function 'sprintf'
  277 |      else sprintf(string, "AT%s%s\r", config[config_step][0], config[config_step][1]);
      |           ^~~~~~~
../Core/Src/main.c:277:11: note: include '<stdio.h>' or provide a declaration of 'sprintf'
../Core/Src/main.c:279:41: warning: implicit declaration of function 'strlen' [-Wimplicit-function-declaration]
  279 |      HAL_UART_Transmit(&huart5, string, strlen(string), 100);
      |                                         ^~~~~~
../Core/Src/main.c:279:41: warning: incompatible implicit declaration of built-in function 'strlen'
../Core/Src/main.c:22:1: note: include '<string.h>' or provide a declaration of 'strlen'
   21 | #include "main.h"
  +++ |+#include <string.h>
   22 | 
../Core/Src/main.c:279:33: warning: pointer targets in passing argument 2 of 'HAL_UART_Transmit' differ in signedness [-Wpointer-sign]
  279 |      HAL_UART_Transmit(&huart5, string, strlen(string), 100);
      |                                 ^~~~~~
      |                                 |
      |                                 char *
In file included from ../Core/Inc/stm32l0xx_hal_conf.h:280,
                 from ../Drivers/STM32L0xx_HAL_Driver/Inc/stm32l0xx_hal.h:30,
                 from ../Core/Inc/main.h:31,
                 from ../Core/Src/main.c:21:
../Drivers/STM32L0xx_HAL_Driver/Inc/stm32l0xx_hal_uart.h:1488:73: note: expected 'uint8_t *' {aka 'unsigned char *'} but argument is of type 'char *'
 1488 | HAL_StatusTypeDef HAL_UART_Transmit(UART_HandleTypeDef *huart, uint8_t *pData, uint16_t Size, uint32_t Timeout);
      |                                                                ~~~~~~~~~^~~~~
../Core/Src/main.c: In function 'xbee_send_string':
../Core/Src/main.c:606:27: warning: incompatible implicit declaration of built-in function 'strlen'
  606 |  tx_frame.length = 0x0E + strlen(string);
      |                           ^~~~~~
../Core/Src/main.c:606:27: note: include '<string.h>' or provide a declaration of 'strlen'
../Core/Src/main.c:606:34: warning: pointer targets in passing argument 1 of 'strlen' differ in signedness [-Wpointer-sign]
  606 |  tx_frame.length = 0x0E + strlen(string);
      |                                  ^~~~~~
      |                                  |
      |                                  uint8_t * {aka unsigned char *}
../Core/Src/main.c:606:34: note: expected 'const char *' but argument is of type 'uint8_t *' {aka 'unsigned char *'}
../Core/Src/main.c:614:2: warning: implicit declaration of function 'memcpy' [-Wimplicit-function-declaration]
  614 |  memcpy(tx_frame.content, string, strlen(string));
      |  ^~~~~~
../Core/Src/main.c:614:2: warning: incompatible implicit declaration of built-in function 'memcpy'
../Core/Src/main.c:614:2: note: include '<string.h>' or provide a declaration of 'memcpy'
../Core/Src/main.c:614:42: warning: pointer targets in passing argument 1 of 'strlen' differ in signedness [-Wpointer-sign]
  614 |  memcpy(tx_frame.content, string, strlen(string));
      |                                          ^~~~~~
      |                                          |
      |                                          uint8_t * {aka unsigned char *}
../Core/Src/main.c:614:42: note: expected 'const char *' but argument is of type 'uint8_t *' {aka 'unsigned char *'}
../Core/Src/main.c:628:29: warning: pointer targets in passing argument 2 of 'HAL_UART_Transmit' differ in signedness [-Wpointer-sign]
  628 |  HAL_UART_Transmit(&huart5, "~", 1, 100);
      |                             ^~~
      |                             |
      |                             char *
In file included from ../Core/Inc/stm32l0xx_hal_conf.h:280,
                 from ../Drivers/STM32L0xx_HAL_Driver/Inc/stm32l0xx_hal.h:30,
                 from ../Core/Inc/main.h:31,
                 from ../Core/Src/main.c:21:
../Drivers/STM32L0xx_HAL_Driver/Inc/stm32l0xx_hal_uart.h:1488:73: note: expected 'uint8_t *' {aka 'unsigned char *'} but argument is of type 'char *'
 1488 | HAL_StatusTypeDef HAL_UART_Transmit(UART_HandleTypeDef *huart, uint8_t *pData, uint16_t Size, uint32_t Timeout);
      |                                                                ~~~~~~~~~^~~~~
../Core/Src/main.c:632:29: warning: passing argument 2 of 'HAL_UART_Transmit' from incompatible pointer type [-Wincompatible-pointer-types]
  632 |  HAL_UART_Transmit(&huart5, &tx_frame.address64, 8, 100);
      |                             ^~~~~~~~~~~~~~~~~~~
      |                             |
      |                             uint64_t * {aka long long unsigned int *}
In file included from ../Core/Inc/stm32l0xx_hal_conf.h:280,
                 from ../Drivers/STM32L0xx_HAL_Driver/Inc/stm32l0xx_hal.h:30,
                 from ../Core/Inc/main.h:31,
                 from ../Core/Src/main.c:21:
../Drivers/STM32L0xx_HAL_Driver/Inc/stm32l0xx_hal_uart.h:1488:73: note: expected 'uint8_t *' {aka 'unsigned char *'} but argument is of type 'uint64_t *' {aka 'long long unsigned int *'}
 1488 | HAL_StatusTypeDef HAL_UART_Transmit(UART_HandleTypeDef *huart, uint8_t *pData, uint16_t Size, uint32_t Timeout);
      |                                                                ~~~~~~~~~^~~~~
../Core/Src/main.c:633:29: warning: passing argument 2 of 'HAL_UART_Transmit' from incompatible pointer type [-Wincompatible-pointer-types]
  633 |  HAL_UART_Transmit(&huart5, &tx_frame.address16, 2, 100);
      |                             ^~~~~~~~~~~~~~~~~~~
      |                             |
      |                             uint16_t * {aka short unsigned int *}
In file included from ../Core/Inc/stm32l0xx_hal_conf.h:280,
                 from ../Drivers/STM32L0xx_HAL_Driver/Inc/stm32l0xx_hal.h:30,
                 from ../Core/Inc/main.h:31,
                 from ../Core/Src/main.c:21:
../Drivers/STM32L0xx_HAL_Driver/Inc/stm32l0xx_hal_uart.h:1488:73: note: expected 'uint8_t *' {aka 'unsigned char *'} but argument is of type 'uint16_t *' {aka 'short unsigned int *'}
 1488 | HAL_StatusTypeDef HAL_UART_Transmit(UART_HandleTypeDef *huart, uint8_t *pData, uint16_t Size, uint32_t Timeout);
      |                                                                ~~~~~~~~~^~~~~
../Core/Src/main.c:636:55: warning: pointer targets in passing argument 1 of 'strlen' differ in signedness [-Wpointer-sign]
  636 |  HAL_UART_Transmit(&huart5, &tx_frame.content, strlen(string), 100);
      |                                                       ^~~~~~
      |                                                       |
      |                                                       uint8_t * {aka unsigned char *}
../Core/Src/main.c:636:55: note: expected 'const char *' but argument is of type 'uint8_t *' {aka 'unsigned char *'}
../Core/Src/main.c:636:29: warning: passing argument 2 of 'HAL_UART_Transmit' from incompatible pointer type [-Wincompatible-pointer-types]
  636 |  HAL_UART_Transmit(&huart5, &tx_frame.content, strlen(string), 100);
      |                             ^~~~~~~~~~~~~~~~~
      |                             |
      |                             uint8_t (*)[256] {aka unsigned char (*)[256]}
In file included from ../Core/Inc/stm32l0xx_hal_conf.h:280,
                 from ../Drivers/STM32L0xx_HAL_Driver/Inc/stm32l0xx_hal.h:30,
                 from ../Core/Inc/main.h:31,
                 from ../Core/Src/main.c:21:
../Drivers/STM32L0xx_HAL_Driver/Inc/stm32l0xx_hal_uart.h:1488:73: note: expected 'uint8_t *' {aka 'unsigned char *'} but argument is of type 'uint8_t (*)[256]' {aka 'unsigned char (*)[256]'}
 1488 | HAL_StatusTypeDef HAL_UART_Transmit(UART_HandleTypeDef *huart, uint8_t *pData, uint16_t Size, uint32_t Timeout);
      |                                                                ~~~~~~~~~^~~~~
../Core/Src/main.c: In function 'xbee_send_alert':
../Core/Src/main.c:641:2: warning: incompatible implicit declaration of built-in function 'sprintf'
  641 |  sprintf(string, "E%u_%li\n", (uint8_t)123, bee_count);
      |  ^~~~~~~
../Core/Src/main.c:641:2: note: include '<stdio.h>' or provide a declaration of 'sprintf'
../Core/Src/main.c:641:10: warning: pointer targets in passing argument 1 of 'sprintf' differ in signedness [-Wpointer-sign]
  641 |  sprintf(string, "E%u_%li\n", (uint8_t)123, bee_count);
      |          ^~~~~~
      |          |
      |          uint8_t * {aka unsigned char *}
../Core/Src/main.c:641:10: note: expected 'char *' but argument is of type 'uint8_t *' {aka 'unsigned char *'}
arm-none-eabi-gcc -o "pgm_comtage.elf" @"objects.list"   -mcpu=cortex-m0plus -T"C:\Users\antoine.serry\Desktop\Nouveau dossier\SysBee\programmes\cubeWorkspace\pgm_comtage\STM32L073CZTX_FLASH.ld" --specs=nosys.specs -Wl,-Map="pgm_comtage.map" -Wl,--gc-sections -static --specs=nano.specs -mfloat-abi=soft -mthumb -Wl,--start-group -lc -lm -Wl,--end-group
Finished building target: pgm_comtage.elf
 
arm-none-eabi-size   pgm_comtage.elf 
arm-none-eabi-objdump -h -S  pgm_comtage.elf  > "pgm_comtage.list"
arm-none-eabi-objcopy  -O binary  pgm_comtage.elf  "pgm_comtage.bin"
   text	   data	    bss	    dec	    hex	filename
  19200	    556	   2156	  21912	   5598	pgm_comtage.elf
Finished building: default.size.stdout
 
Finished building: pgm_comtage.bin
 
Finished building: pgm_comtage.list
 
15:11:32 **** Incremental Build of configuration Debug for project pgm_comtage ****
make -j8 all 
arm-none-eabi-gcc "../Core/Src/main.c" -mcpu=cortex-m0plus -std=gnu11 -g3 -DDEBUG -DUSE_HAL_DRIVER -DSTM32L073xx -c -I../Core/Inc -I../Drivers/STM32L0xx_HAL_Driver/Inc -I../Drivers/STM32L0xx_HAL_Driver/Inc/Legacy -I../Drivers/CMSIS/Device/ST/STM32L0xx/Include -I../Drivers/CMSIS/Include -I"../Core/xbee/include" -O0 -ffunction-sections -fdata-sections -Wall -fstack-usage -MMD -MP -MF"Core/Src/main.d" -MT"Core/Src/main.o" --specs=nano.specs -mfloat-abi=soft -mthumb -o "Core/Src/main.o"
../Core/Src/main.c: In function 'main':
../Core/Src/main.c:236:33: warning: pointer targets in passing argument 2 of 'HAL_UART_Transmit' differ in signedness [-Wpointer-sign]
  236 |      HAL_UART_Transmit(&huart5, "+++", 3, 100);
      |                                 ^~~~~
      |                                 |
      |                                 char *
In file included from ../Core/Inc/stm32l0xx_hal_conf.h:280,
                 from ../Drivers/STM32L0xx_HAL_Driver/Inc/stm32l0xx_hal.h:30,
                 from ../Core/Inc/main.h:31,
                 from ../Core/Src/main.c:21:
../Drivers/STM32L0xx_HAL_Driver/Inc/stm32l0xx_hal_uart.h:1488:73: note: expected 'uint8_t *' {aka 'unsigned char *'} but argument is of type 'char *'
 1488 | HAL_StatusTypeDef HAL_UART_Transmit(UART_HandleTypeDef *huart, uint8_t *pData, uint16_t Size, uint32_t Timeout);
      |                                                                ~~~~~~~~~^~~~~
../Core/Src/main.c:255:33: warning: pointer targets in passing argument 2 of 'HAL_UART_Transmit' differ in signedness [-Wpointer-sign]
  255 |      HAL_UART_Transmit(&huart5, "ATRE\r", 5, 100);
      |                                 ^~~~~~~~
      |                                 |
      |                                 char *
In file included from ../Core/Inc/stm32l0xx_hal_conf.h:280,
                 from ../Drivers/STM32L0xx_HAL_Driver/Inc/stm32l0xx_hal.h:30,
                 from ../Core/Inc/main.h:31,
                 from ../Core/Src/main.c:21:
../Drivers/STM32L0xx_HAL_Driver/Inc/stm32l0xx_hal_uart.h:1488:73: note: expected 'uint8_t *' {aka 'unsigned char *'} but argument is of type 'char *'
 1488 | HAL_StatusTypeDef HAL_UART_Transmit(UART_HandleTypeDef *huart, uint8_t *pData, uint16_t Size, uint32_t Timeout);
      |                                                                ~~~~~~~~~^~~~~
../Core/Src/main.c:275:7: warning: implicit declaration of function 'sprintf' [-Wimplicit-function-declaration]
  275 |       sprintf(string, "ATWR\r");
      |       ^~~~~~~
../Core/Src/main.c:275:7: warning: incompatible implicit declaration of built-in function 'sprintf'
../Core/Src/main.c:22:1: note: include '<stdio.h>' or provide a declaration of 'sprintf'
   21 | #include "main.h"
  +++ |+#include <stdio.h>
   22 | 
../Core/Src/main.c:277:11: warning: incompatible implicit declaration of built-in function 'sprintf'
  277 |      else sprintf(string, "AT%s%s\r", config[config_step][0], config[config_step][1]);
      |           ^~~~~~~
../Core/Src/main.c:277:11: note: include '<stdio.h>' or provide a declaration of 'sprintf'
../Core/Src/main.c:279:41: warning: implicit declaration of function 'strlen' [-Wimplicit-function-declaration]
  279 |      HAL_UART_Transmit(&huart5, string, strlen(string), 100);
      |                                         ^~~~~~
../Core/Src/main.c:279:41: warning: incompatible implicit declaration of built-in function 'strlen'
../Core/Src/main.c:22:1: note: include '<string.h>' or provide a declaration of 'strlen'
   21 | #include "main.h"
  +++ |+#include <string.h>
   22 | 
../Core/Src/main.c:279:33: warning: pointer targets in passing argument 2 of 'HAL_UART_Transmit' differ in signedness [-Wpointer-sign]
  279 |      HAL_UART_Transmit(&huart5, string, strlen(string), 100);
      |                                 ^~~~~~
      |                                 |
      |                                 char *
In file included from ../Core/Inc/stm32l0xx_hal_conf.h:280,
                 from ../Drivers/STM32L0xx_HAL_Driver/Inc/stm32l0xx_hal.h:30,
                 from ../Core/Inc/main.h:31,
                 from ../Core/Src/main.c:21:
../Drivers/STM32L0xx_HAL_Driver/Inc/stm32l0xx_hal_uart.h:1488:73: note: expected 'uint8_t *' {aka 'unsigned char *'} but argument is of type 'char *'
 1488 | HAL_StatusTypeDef HAL_UART_Transmit(UART_HandleTypeDef *huart, uint8_t *pData, uint16_t Size, uint32_t Timeout);
      |                                                                ~~~~~~~~~^~~~~
../Core/Src/main.c: In function 'xbee_send_string':
../Core/Src/main.c:606:27: warning: incompatible implicit declaration of built-in function 'strlen'
  606 |  tx_frame.length = 0x0E + strlen(string);
      |                           ^~~~~~
../Core/Src/main.c:606:27: note: include '<string.h>' or provide a declaration of 'strlen'
../Core/Src/main.c:606:34: warning: pointer targets in passing argument 1 of 'strlen' differ in signedness [-Wpointer-sign]
  606 |  tx_frame.length = 0x0E + strlen(string);
      |                                  ^~~~~~
      |                                  |
      |                                  uint8_t * {aka unsigned char *}
../Core/Src/main.c:606:34: note: expected 'const char *' but argument is of type 'uint8_t *' {aka 'unsigned char *'}
../Core/Src/main.c:614:2: warning: implicit declaration of function 'memcpy' [-Wimplicit-function-declaration]
  614 |  memcpy(tx_frame.content, string, strlen(string));
      |  ^~~~~~
../Core/Src/main.c:614:2: warning: incompatible implicit declaration of built-in function 'memcpy'
../Core/Src/main.c:614:2: note: include '<string.h>' or provide a declaration of 'memcpy'
../Core/Src/main.c:614:42: warning: pointer targets in passing argument 1 of 'strlen' differ in signedness [-Wpointer-sign]
  614 |  memcpy(tx_frame.content, string, strlen(string));
      |                                          ^~~~~~
      |                                          |
      |                                          uint8_t * {aka unsigned char *}
../Core/Src/main.c:614:42: note: expected 'const char *' but argument is of type 'uint8_t *' {aka 'unsigned char *'}
../Core/Src/main.c:628:29: warning: pointer targets in passing argument 2 of 'HAL_UART_Transmit' differ in signedness [-Wpointer-sign]
  628 |  HAL_UART_Transmit(&huart5, "~", 1, 100);
      |                             ^~~
      |                             |
      |                             char *
In file included from ../Core/Inc/stm32l0xx_hal_conf.h:280,
                 from ../Drivers/STM32L0xx_HAL_Driver/Inc/stm32l0xx_hal.h:30,
                 from ../Core/Inc/main.h:31,
                 from ../Core/Src/main.c:21:
../Drivers/STM32L0xx_HAL_Driver/Inc/stm32l0xx_hal_uart.h:1488:73: note: expected 'uint8_t *' {aka 'unsigned char *'} but argument is of type 'char *'
 1488 | HAL_StatusTypeDef HAL_UART_Transmit(UART_HandleTypeDef *huart, uint8_t *pData, uint16_t Size, uint32_t Timeout);
      |                                                                ~~~~~~~~~^~~~~
../Core/Src/main.c:632:29: warning: passing argument 2 of 'HAL_UART_Transmit' from incompatible pointer type [-Wincompatible-pointer-types]
  632 |  HAL_UART_Transmit(&huart5, &tx_frame.address64, 8, 100);
      |                             ^~~~~~~~~~~~~~~~~~~
      |                             |
      |                             uint64_t * {aka long long unsigned int *}
In file included from ../Core/Inc/stm32l0xx_hal_conf.h:280,
                 from ../Drivers/STM32L0xx_HAL_Driver/Inc/stm32l0xx_hal.h:30,
                 from ../Core/Inc/main.h:31,
                 from ../Core/Src/main.c:21:
../Drivers/STM32L0xx_HAL_Driver/Inc/stm32l0xx_hal_uart.h:1488:73: note: expected 'uint8_t *' {aka 'unsigned char *'} but argument is of type 'uint64_t *' {aka 'long long unsigned int *'}
 1488 | HAL_StatusTypeDef HAL_UART_Transmit(UART_HandleTypeDef *huart, uint8_t *pData, uint16_t Size, uint32_t Timeout);
      |                                                                ~~~~~~~~~^~~~~
../Core/Src/main.c:633:29: warning: passing argument 2 of 'HAL_UART_Transmit' from incompatible pointer type [-Wincompatible-pointer-types]
  633 |  HAL_UART_Transmit(&huart5, &tx_frame.address16, 2, 100);
      |                             ^~~~~~~~~~~~~~~~~~~
      |                             |
      |                             uint16_t * {aka short unsigned int *}
In file included from ../Core/Inc/stm32l0xx_hal_conf.h:280,
                 from ../Drivers/STM32L0xx_HAL_Driver/Inc/stm32l0xx_hal.h:30,
                 from ../Core/Inc/main.h:31,
                 from ../Core/Src/main.c:21:
../Drivers/STM32L0xx_HAL_Driver/Inc/stm32l0xx_hal_uart.h:1488:73: note: expected 'uint8_t *' {aka 'unsigned char *'} but argument is of type 'uint16_t *' {aka 'short unsigned int *'}
 1488 | HAL_StatusTypeDef HAL_UART_Transmit(UART_HandleTypeDef *huart, uint8_t *pData, uint16_t Size, uint32_t Timeout);
      |                                                                ~~~~~~~~~^~~~~
../Core/Src/main.c:636:55: warning: pointer targets in passing argument 1 of 'strlen' differ in signedness [-Wpointer-sign]
  636 |  HAL_UART_Transmit(&huart5, &tx_frame.content, strlen(string), 100);
      |                                                       ^~~~~~
      |                                                       |
      |                                                       uint8_t * {aka unsigned char *}
../Core/Src/main.c:636:55: note: expected 'const char *' but argument is of type 'uint8_t *' {aka 'unsigned char *'}
../Core/Src/main.c:636:29: warning: passing argument 2 of 'HAL_UART_Transmit' from incompatible pointer type [-Wincompatible-pointer-types]
  636 |  HAL_UART_Transmit(&huart5, &tx_frame.content, strlen(string), 100);
      |                             ^~~~~~~~~~~~~~~~~
      |                             |
      |                             uint8_t (*)[256] {aka unsigned char (*)[256]}
In file included from ../Core/Inc/stm32l0xx_hal_conf.h:280,
                 from ../Drivers/STM32L0xx_HAL_Driver/Inc/stm32l0xx_hal.h:30,
                 from ../Core/Inc/main.h:31,
                 from ../Core/Src/main.c:21:
../Drivers/STM32L0xx_HAL_Driver/Inc/stm32l0xx_hal_uart.h:1488:73: note: expected 'uint8_t *' {aka 'unsigned char *'} but argument is of type 'uint8_t (*)[256]' {aka 'unsigned char (*)[256]'}
 1488 | HAL_StatusTypeDef HAL_UART_Transmit(UART_HandleTypeDef *huart, uint8_t *pData, uint16_t Size, uint32_t Timeout);
      |                                                                ~~~~~~~~~^~~~~
../Core/Src/main.c: In function 'xbee_send_alert':
../Core/Src/main.c:641:2: warning: incompatible implicit declaration of built-in function 'sprintf'
  641 |  sprintf(string, "E%u_%li\n", (uint8_t)123, bee_count);
      |  ^~~~~~~
../Core/Src/main.c:641:2: note: include '<stdio.h>' or provide a declaration of 'sprintf'
../Core/Src/main.c:641:10: warning: pointer targets in passing argument 1 of 'sprintf' differ in signedness [-Wpointer-sign]
  641 |  sprintf(string, "E%u_%li\n", (uint8_t)123, bee_count);
      |          ^~~~~~
      |          |
      |          uint8_t * {aka unsigned char *}
../Core/Src/main.c:641:10: note: expected 'char *' but argument is of type 'uint8_t *' {aka 'unsigned char *'}
arm-none-eabi-gcc -o "pgm_comtage.elf" @"objects.list"   -mcpu=cortex-m0plus -T"C:\Users\antoine.serry\Desktop\Nouveau dossier\SysBee\programmes\cubeWorkspace\pgm_comtage\STM32L073CZTX_FLASH.ld" --specs=nosys.specs -Wl,-Map="pgm_comtage.map" -Wl,--gc-sections -static --specs=nano.specs -mfloat-abi=soft -mthumb -Wl,--start-group -lc -lm -Wl,--end-group
Finished building target: pgm_comtage.elf
 
arm-none-eabi-size   pgm_comtage.elf 
arm-none-eabi-objdump -h -S  pgm_comtage.elf  > "pgm_comtage.list"
arm-none-eabi-objcopy  -O binary  pgm_comtage.elf  "pgm_comtage.bin"
   text	   data	    bss	    dec	    hex	filename
  19200	    556	   2156	  21912	   5598	pgm_comtage.elf
Finished building: default.size.stdout
 
Finished building: pgm_comtage.bin
 
Finished building: pgm_comtage.list
 
15:13:11 **** Incremental Build of configuration Debug for project pgm_comtage ****
make -j8 all 
arm-none-eabi-size   pgm_comtage.elf 
   text	   data	    bss	    dec	    hex	filename
  19200	    556	   2156	  21912	   5598	pgm_comtage.elf
Finished building: default.size.stdout
 
15:20:54 **** Incremental Build of configuration Debug for project pgm_comtage ****
make -j8 all 
arm-none-eabi-size   pgm_comtage.elf 
   text	   data	    bss	    dec	    hex	filename
  19200	    556	   2156	  21912	   5598	pgm_comtage.elf
Finished building: default.size.stdout
 
15:22:07 **** Incremental Build of configuration Debug for project pgm_comtage ****
make -j8 all 
arm-none-eabi-gcc "../Core/Src/main.c" -mcpu=cortex-m0plus -std=gnu11 -g3 -DDEBUG -DUSE_HAL_DRIVER -DSTM32L073xx -c -I../Core/Inc -I../Drivers/STM32L0xx_HAL_Driver/Inc -I../Drivers/STM32L0xx_HAL_Driver/Inc/Legacy -I../Drivers/CMSIS/Device/ST/STM32L0xx/Include -I../Drivers/CMSIS/Include -I"../Core/xbee/include" -O0 -ffunction-sections -fdata-sections -Wall -fstack-usage -MMD -MP -MF"Core/Src/main.d" -MT"Core/Src/main.o" --specs=nano.specs -mfloat-abi=soft -mthumb -o "Core/Src/main.o"
../Core/Src/main.c: In function 'main':
../Core/Src/main.c:236:33: warning: pointer targets in passing argument 2 of 'HAL_UART_Transmit' differ in signedness [-Wpointer-sign]
  236 |      HAL_UART_Transmit(&huart5, "+++", 3, 100);
      |                                 ^~~~~
      |                                 |
      |                                 char *
In file included from ../Core/Inc/stm32l0xx_hal_conf.h:280,
                 from ../Drivers/STM32L0xx_HAL_Driver/Inc/stm32l0xx_hal.h:30,
                 from ../Core/Inc/main.h:31,
                 from ../Core/Src/main.c:21:
../Drivers/STM32L0xx_HAL_Driver/Inc/stm32l0xx_hal_uart.h:1488:73: note: expected 'uint8_t *' {aka 'unsigned char *'} but argument is of type 'char *'
 1488 | HAL_StatusTypeDef HAL_UART_Transmit(UART_HandleTypeDef *huart, uint8_t *pData, uint16_t Size, uint32_t Timeout);
      |                                                                ~~~~~~~~~^~~~~
../Core/Src/main.c:255:33: warning: pointer targets in passing argument 2 of 'HAL_UART_Transmit' differ in signedness [-Wpointer-sign]
  255 |      HAL_UART_Transmit(&huart5, "ATRE\r", 5, 100);
      |                                 ^~~~~~~~
      |                                 |
      |                                 char *
In file included from ../Core/Inc/stm32l0xx_hal_conf.h:280,
                 from ../Drivers/STM32L0xx_HAL_Driver/Inc/stm32l0xx_hal.h:30,
                 from ../Core/Inc/main.h:31,
                 from ../Core/Src/main.c:21:
../Drivers/STM32L0xx_HAL_Driver/Inc/stm32l0xx_hal_uart.h:1488:73: note: expected 'uint8_t *' {aka 'unsigned char *'} but argument is of type 'char *'
 1488 | HAL_StatusTypeDef HAL_UART_Transmit(UART_HandleTypeDef *huart, uint8_t *pData, uint16_t Size, uint32_t Timeout);
      |                                                                ~~~~~~~~~^~~~~
../Core/Src/main.c:275:7: warning: implicit declaration of function 'sprintf' [-Wimplicit-function-declaration]
  275 |       sprintf(string, "ATWR\r");
      |       ^~~~~~~
../Core/Src/main.c:275:7: warning: incompatible implicit declaration of built-in function 'sprintf'
../Core/Src/main.c:22:1: note: include '<stdio.h>' or provide a declaration of 'sprintf'
   21 | #include "main.h"
  +++ |+#include <stdio.h>
   22 | 
../Core/Src/main.c:277:11: warning: incompatible implicit declaration of built-in function 'sprintf'
  277 |      else sprintf(string, "AT%s%s\r", config[config_step][0], config[config_step][1]);
      |           ^~~~~~~
../Core/Src/main.c:277:11: note: include '<stdio.h>' or provide a declaration of 'sprintf'
../Core/Src/main.c:279:41: warning: implicit declaration of function 'strlen' [-Wimplicit-function-declaration]
  279 |      HAL_UART_Transmit(&huart5, string, strlen(string), 100);
      |                                         ^~~~~~
../Core/Src/main.c:279:41: warning: incompatible implicit declaration of built-in function 'strlen'
../Core/Src/main.c:22:1: note: include '<string.h>' or provide a declaration of 'strlen'
   21 | #include "main.h"
  +++ |+#include <string.h>
   22 | 
../Core/Src/main.c:279:33: warning: pointer targets in passing argument 2 of 'HAL_UART_Transmit' differ in signedness [-Wpointer-sign]
  279 |      HAL_UART_Transmit(&huart5, string, strlen(string), 100);
      |                                 ^~~~~~
      |                                 |
      |                                 char *
In file included from ../Core/Inc/stm32l0xx_hal_conf.h:280,
                 from ../Drivers/STM32L0xx_HAL_Driver/Inc/stm32l0xx_hal.h:30,
                 from ../Core/Inc/main.h:31,
                 from ../Core/Src/main.c:21:
../Drivers/STM32L0xx_HAL_Driver/Inc/stm32l0xx_hal_uart.h:1488:73: note: expected 'uint8_t *' {aka 'unsigned char *'} but argument is of type 'char *'
 1488 | HAL_StatusTypeDef HAL_UART_Transmit(UART_HandleTypeDef *huart, uint8_t *pData, uint16_t Size, uint32_t Timeout);
      |                                                                ~~~~~~~~~^~~~~
../Core/Src/main.c: In function 'xbee_send_string':
../Core/Src/main.c:606:27: warning: incompatible implicit declaration of built-in function 'strlen'
  606 |  tx_frame.length = 0x0E + strlen(string);
      |                           ^~~~~~
../Core/Src/main.c:606:27: note: include '<string.h>' or provide a declaration of 'strlen'
../Core/Src/main.c:606:34: warning: pointer targets in passing argument 1 of 'strlen' differ in signedness [-Wpointer-sign]
  606 |  tx_frame.length = 0x0E + strlen(string);
      |                                  ^~~~~~
      |                                  |
      |                                  uint8_t * {aka unsigned char *}
../Core/Src/main.c:606:34: note: expected 'const char *' but argument is of type 'uint8_t *' {aka 'unsigned char *'}
../Core/Src/main.c:614:2: warning: implicit declaration of function 'memcpy' [-Wimplicit-function-declaration]
  614 |  memcpy(tx_frame.content, string, strlen(string));
      |  ^~~~~~
../Core/Src/main.c:614:2: warning: incompatible implicit declaration of built-in function 'memcpy'
../Core/Src/main.c:614:2: note: include '<string.h>' or provide a declaration of 'memcpy'
../Core/Src/main.c:614:42: warning: pointer targets in passing argument 1 of 'strlen' differ in signedness [-Wpointer-sign]
  614 |  memcpy(tx_frame.content, string, strlen(string));
      |                                          ^~~~~~
      |                                          |
[...]
  618 |  tx_frame.length = 0x0E + strlen(string);
      |                           ^~~~~~
../Core/Src/main.c:618:27: note: include '<string.h>' or provide a declaration of 'strlen'
../Core/Src/main.c:618:34: warning: pointer targets in passing argument 1 of 'strlen' differ in signedness [-Wpointer-sign]
  618 |  tx_frame.length = 0x0E + strlen(string);
      |                                  ^~~~~~
      |                                  |
      |                                  uint8_t * {aka unsigned char *}
../Core/Src/main.c:618:34: note: expected 'const char *' but argument is of type 'uint8_t *' {aka 'unsigned char *'}
../Core/Src/main.c:626:2: warning: implicit declaration of function 'memcpy' [-Wimplicit-function-declaration]
  626 |  memcpy(tx_frame.content, string, strlen(string));
      |  ^~~~~~
../Core/Src/main.c:626:2: warning: incompatible implicit declaration of built-in function 'memcpy'
../Core/Src/main.c:626:2: note: include '<string.h>' or provide a declaration of 'memcpy'
../Core/Src/main.c:626:42: warning: pointer targets in passing argument 1 of 'strlen' differ in signedness [-Wpointer-sign]
  626 |  memcpy(tx_frame.content, string, strlen(string));
      |                                          ^~~~~~
      |                                          |
      |                                          uint8_t * {aka unsigned char *}
../Core/Src/main.c:626:42: note: expected 'const char *' but argument is of type 'uint8_t *' {aka 'unsigned char *'}
../Core/Src/main.c:640:29: warning: pointer targets in passing argument 2 of 'HAL_UART_Transmit' differ in signedness [-Wpointer-sign]
  640 |  HAL_UART_Transmit(&huart5, "~", 1, 100);
      |                             ^~~
      |                             |
      |                             char *
In file included from ../Core/Inc/stm32l0xx_hal_conf.h:280,
                 from ../Drivers/STM32L0xx_HAL_Driver/Inc/stm32l0xx_hal.h:30,
                 from ../Core/Inc/main.h:31,
                 from ../Core/Src/main.c:21:
../Drivers/STM32L0xx_HAL_Driver/Inc/stm32l0xx_hal_uart.h:1488:73: note: expected 'uint8_t *' {aka 'unsigned char *'} but argument is of type 'char *'
 1488 | HAL_StatusTypeDef HAL_UART_Transmit(UART_HandleTypeDef *huart, uint8_t *pData, uint16_t Size, uint32_t Timeout);
      |                                                                ~~~~~~~~~^~~~~
../Core/Src/main.c:644:29: warning: passing argument 2 of 'HAL_UART_Transmit' from incompatible pointer type [-Wincompatible-pointer-types]
  644 |  HAL_UART_Transmit(&huart5, &tx_frame.address64, 8, 100);
      |                             ^~~~~~~~~~~~~~~~~~~
      |                             |
      |                             uint64_t * {aka long long unsigned int *}
In file included from ../Core/Inc/stm32l0xx_hal_conf.h:280,
                 from ../Drivers/STM32L0xx_HAL_Driver/Inc/stm32l0xx_hal.h:30,
                 from ../Core/Inc/main.h:31,
                 from ../Core/Src/main.c:21:
../Drivers/STM32L0xx_HAL_Driver/Inc/stm32l0xx_hal_uart.h:1488:73: note: expected 'uint8_t *' {aka 'unsigned char *'} but argument is of type 'uint64_t *' {aka 'long long unsigned int *'}
 1488 | HAL_StatusTypeDef HAL_UART_Transmit(UART_HandleTypeDef *huart, uint8_t *pData, uint16_t Size, uint32_t Timeout);
      |                                                                ~~~~~~~~~^~~~~
../Core/Src/main.c:645:29: warning: passing argument 2 of 'HAL_UART_Transmit' from incompatible pointer type [-Wincompatible-pointer-types]
  645 |  HAL_UART_Transmit(&huart5, &tx_frame.address16, 2, 100);
      |                             ^~~~~~~~~~~~~~~~~~~
      |                             |
      |                             uint16_t * {aka short unsigned int *}
In file included from ../Core/Inc/stm32l0xx_hal_conf.h:280,
                 from ../Drivers/STM32L0xx_HAL_Driver/Inc/stm32l0xx_hal.h:30,
                 from ../Core/Inc/main.h:31,
                 from ../Core/Src/main.c:21:
../Drivers/STM32L0xx_HAL_Driver/Inc/stm32l0xx_hal_uart.h:1488:73: note: expected 'uint8_t *' {aka 'unsigned char *'} but argument is of type 'uint16_t *' {aka 'short unsigned int *'}
 1488 | HAL_StatusTypeDef HAL_UART_Transmit(UART_HandleTypeDef *huart, uint8_t *pData, uint16_t Size, uint32_t Timeout);
      |                                                                ~~~~~~~~~^~~~~
../Core/Src/main.c:648:55: warning: pointer targets in passing argument 1 of 'strlen' differ in signedness [-Wpointer-sign]
  648 |  HAL_UART_Transmit(&huart5, &tx_frame.content, strlen(string), 100);
      |                                                       ^~~~~~
      |                                                       |
      |                                                       uint8_t * {aka unsigned char *}
../Core/Src/main.c:648:55: note: expected 'const char *' but argument is of type 'uint8_t *' {aka 'unsigned char *'}
../Core/Src/main.c:648:29: warning: passing argument 2 of 'HAL_UART_Transmit' from incompatible pointer type [-Wincompatible-pointer-types]
  648 |  HAL_UART_Transmit(&huart5, &tx_frame.content, strlen(string), 100);
      |                             ^~~~~~~~~~~~~~~~~
      |                             |
      |                             uint8_t (*)[256] {aka unsigned char (*)[256]}
In file included from ../Core/Inc/stm32l0xx_hal_conf.h:280,
                 from ../Drivers/STM32L0xx_HAL_Driver/Inc/stm32l0xx_hal.h:30,
                 from ../Core/Inc/main.h:31,
                 from ../Core/Src/main.c:21:
../Drivers/STM32L0xx_HAL_Driver/Inc/stm32l0xx_hal_uart.h:1488:73: note: expected 'uint8_t *' {aka 'unsigned char *'} but argument is of type 'uint8_t (*)[256]' {aka 'unsigned char (*)[256]'}
 1488 | HAL_StatusTypeDef HAL_UART_Transmit(UART_HandleTypeDef *huart, uint8_t *pData, uint16_t Size, uint32_t Timeout);
      |                                                                ~~~~~~~~~^~~~~
../Core/Src/main.c: In function 'xbee_send_alert':
../Core/Src/main.c:653:2: warning: incompatible implicit declaration of built-in function 'sprintf'
  653 |  sprintf(string, "E%u_%li\n", (uint8_t)123, bee_count);
      |  ^~~~~~~
../Core/Src/main.c:653:2: note: include '<stdio.h>' or provide a declaration of 'sprintf'
../Core/Src/main.c:653:10: warning: pointer targets in passing argument 1 of 'sprintf' differ in signedness [-Wpointer-sign]
  653 |  sprintf(string, "E%u_%li\n", (uint8_t)123, bee_count);
      |          ^~~~~~
      |          |
      |          uint8_t * {aka unsigned char *}
../Core/Src/main.c:653:10: note: expected 'char *' but argument is of type 'uint8_t *' {aka 'unsigned char *'}
arm-none-eabi-gcc -o "pgm_comtage.elf" @"objects.list"   -mcpu=cortex-m0plus -T"C:\Users\antoine.serry\Desktop\Nouveau dossier\SysBee\programmes\cubeWorkspace\pgm_comtage\STM32L073CZTX_FLASH.ld" --specs=nosys.specs -Wl,-Map="pgm_comtage.map" -Wl,--gc-sections -static --specs=nano.specs -mfloat-abi=soft -mthumb -Wl,--start-group -lc -lm -Wl,--end-group
Finished building target: pgm_comtage.elf
 
arm-none-eabi-size   pgm_comtage.elf 
arm-none-eabi-objdump -h -S  pgm_comtage.elf  > "pgm_comtage.list"
arm-none-eabi-objcopy  -O binary  pgm_comtage.elf  "pgm_comtage.bin"
   text	   data	    bss	    dec	    hex	filename
  19264	    556	   2156	  21976	   55d8	pgm_comtage.elf
Finished building: default.size.stdout
 
Finished building: pgm_comtage.bin
 
Finished building: pgm_comtage.list
 
10:05:54 **** Incremental Build of configuration Debug for project pgm_comtage ****
make -j8 all 
arm-none-eabi-size   pgm_comtage.elf 
   text	   data	    bss	    dec	    hex	filename
  19264	    556	   2156	  21976	   55d8	pgm_comtage.elf
Finished building: default.size.stdout
 
10:05:59 **** Incremental Build of configuration Debug for project pgm_comtage ****
make -j8 all 
arm-none-eabi-gcc "../Core/Src/main.c" -mcpu=cortex-m0plus -std=gnu11 -g3 -DDEBUG -DUSE_HAL_DRIVER -DSTM32L073xx -c -I../Core/Inc -I../Drivers/STM32L0xx_HAL_Driver/Inc -I../Drivers/STM32L0xx_HAL_Driver/Inc/Legacy -I../Drivers/CMSIS/Device/ST/STM32L0xx/Include -I../Drivers/CMSIS/Include -I"../Core/xbee/include" -O0 -ffunction-sections -fdata-sections -Wall -fstack-usage -MMD -MP -MF"Core/Src/main.d" -MT"Core/Src/main.o" --specs=nano.specs -mfloat-abi=soft -mthumb -o "Core/Src/main.o"
../Core/Src/main.c: In function 'main':
../Core/Src/main.c:238:33: warning: pointer targets in passing argument 2 of 'HAL_UART_Transmit' differ in signedness [-Wpointer-sign]
  238 |      HAL_UART_Transmit(&huart5, "+++++++++", 9, 100);
      |                                 ^~~~~~~~~~~
      |                                 |
      |                                 char *
In file included from ../Core/Inc/stm32l0xx_hal_conf.h:280,
                 from ../Drivers/STM32L0xx_HAL_Driver/Inc/stm32l0xx_hal.h:30,
                 from ../Core/Inc/main.h:31,
                 from ../Core/Src/main.c:21:
../Drivers/STM32L0xx_HAL_Driver/Inc/stm32l0xx_hal_uart.h:1488:73: note: expected 'uint8_t *' {aka 'unsigned char *'} but argument is of type 'char *'
 1488 | HAL_StatusTypeDef HAL_UART_Transmit(UART_HandleTypeDef *huart, uint8_t *pData, uint16_t Size, uint32_t Timeout);
      |                                                                ~~~~~~~~~^~~~~
../Core/Src/main.c:259:34: warning: pointer targets in passing argument 2 of 'HAL_UART_Transmit' differ in signedness [-Wpointer-sign]
  259 |       HAL_UART_Transmit(&huart5, "ATRE\r", 5, 100);
      |                                  ^~~~~~~~
      |                                  |
      |                                  char *
In file included from ../Core/Inc/stm32l0xx_hal_conf.h:280,
                 from ../Drivers/STM32L0xx_HAL_Driver/Inc/stm32l0xx_hal.h:30,
                 from ../Core/Inc/main.h:31,
                 from ../Core/Src/main.c:21:
../Drivers/STM32L0xx_HAL_Driver/Inc/stm32l0xx_hal_uart.h:1488:73: note: expected 'uint8_t *' {aka 'unsigned char *'} but argument is of type 'char *'
 1488 | HAL_StatusTypeDef HAL_UART_Transmit(UART_HandleTypeDef *huart, uint8_t *pData, uint16_t Size, uint32_t Timeout);
      |                                                                ~~~~~~~~~^~~~~
../Core/Src/main.c:283:7: warning: implicit declaration of function 'sprintf' [-Wimplicit-function-declaration]
  283 |       sprintf(string, "ATWR\r");
      |       ^~~~~~~
../Core/Src/main.c:283:7: warning: incompatible implicit declaration of built-in function 'sprintf'
../Core/Src/main.c:22:1: note: include '<stdio.h>' or provide a declaration of 'sprintf'
   21 | #include "main.h"
  +++ |+#include <stdio.h>
   22 | 
../Core/Src/main.c:285:11: warning: incompatible implicit declaration of built-in function 'sprintf'
  285 |      else sprintf(string, "AT%s%s\r", config[config_step][0], config[config_step][1]);
      |           ^~~~~~~
../Core/Src/main.c:285:11: note: include '<stdio.h>' or provide a declaration of 'sprintf'
../Core/Src/main.c:288:41: warning: implicit declaration of function 'strlen' [-Wimplicit-function-declaration]
  288 |      HAL_UART_Transmit(&huart5, string, strlen(string), 100);
      |                                         ^~~~~~
../Core/Src/main.c:288:41: warning: incompatible implicit declaration of built-in function 'strlen'
../Core/Src/main.c:22:1: note: include '<string.h>' or provide a declaration of 'strlen'
   21 | #include "main.h"
  +++ |+#include <string.h>
   22 | 
../Core/Src/main.c:288:33: warning: pointer targets in passing argument 2 of 'HAL_UART_Transmit' differ in signedness [-Wpointer-sign]
  288 |      HAL_UART_Transmit(&huart5, string, strlen(string), 100);
      |                                 ^~~~~~
      |                                 |
      |                                 char *
In file included from ../Core/Inc/stm32l0xx_hal_conf.h:280,
                 from ../Drivers/STM32L0xx_HAL_Driver/Inc/stm32l0xx_hal.h:30,
                 from ../Core/Inc/main.h:31,
                 from ../Core/Src/main.c:21:
../Drivers/STM32L0xx_HAL_Driver/Inc/stm32l0xx_hal_uart.h:1488:73: note: expected 'uint8_t *' {aka 'unsigned char *'} but argument is of type 'char *'
 1488 | HAL_StatusTypeDef HAL_UART_Transmit(UART_HandleTypeDef *huart, uint8_t *pData, uint16_t Size, uint32_t Timeout);
      |                                                                ~~~~~~~~~^~~~~
../Core/Src/main.c: In function 'xbee_send_string':
../Core/Src/main.c:618:27: warning: incompatible implicit declaration of built-in function 'strlen'
  618 |  tx_frame.length = 0x0E + strlen(string);
      |                           ^~~~~~
../Core/Src/main.c:618:27: note: include '<string.h>' or provide a declaration of 'strlen'
../Core/Src/main.c:618:34: warning: pointer targets in passing argument 1 of 'strlen' differ in signedness [-Wpointer-sign]
  618 |  tx_frame.length = 0x0E + strlen(string);
      |                                  ^~~~~~
      |                                  |
      |                                  uint8_t * {aka unsigned char *}
../Core/Src/main.c:618:34: note: expected 'const char *' but argument is of type 'uint8_t *' {aka 'unsigned char *'}
../Core/Src/main.c:626:2: warning: implicit declaration of function 'memcpy' [-Wimplicit-function-declaration]
  626 |  memcpy(tx_frame.content, string, strlen(string));
      |  ^~~~~~
../Core/Src/main.c:626:2: warning: incompatible implicit declaration of built-in function 'memcpy'
../Core/Src/main.c:626:2: note: include '<string.h>' or provide a declaration of 'memcpy'
../Core/Src/main.c:626:42: warning: pointer targets in passing argument 1 of 'strlen' differ in signedness [-Wpointer-sign]
  626 |  memcpy(tx_frame.content, string, strlen(string));
      |                                          ^~~~~~
      |                                          |
      |                                          uint8_t * {aka unsigned char *}
../Core/Src/main.c:626:42: note: expected 'const char *' but argument is of type 'uint8_t *' {aka 'unsigned char *'}
../Core/Src/main.c:640:29: warning: pointer targets in passing argument 2 of 'HAL_UART_Transmit' differ in signedness [-Wpointer-sign]
  640 |  HAL_UART_Transmit(&huart5, "~", 1, 100);
      |                             ^~~
      |                             |
      |                             char *
In file included from ../Core/Inc/stm32l0xx_hal_conf.h:280,
                 from ../Drivers/STM32L0xx_HAL_Driver/Inc/stm32l0xx_hal.h:30,
                 from ../Core/Inc/main.h:31,
                 from ../Core/Src/main.c:21:
../Drivers/STM32L0xx_HAL_Driver/Inc/stm32l0xx_hal_uart.h:1488:73: note: expected 'uint8_t *' {aka 'unsigned char *'} but argument is of type 'char *'
 1488 | HAL_StatusTypeDef HAL_UART_Transmit(UART_HandleTypeDef *huart, uint8_t *pData, uint16_t Size, uint32_t Timeout);
      |                                                                ~~~~~~~~~^~~~~
../Core/Src/main.c:644:29: warning: passing argument 2 of 'HAL_UART_Transmit' from incompatible pointer type [-Wincompatible-pointer-types]
  644 |  HAL_UART_Transmit(&huart5, &tx_frame.address64, 8, 100);
      |                             ^~~~~~~~~~~~~~~~~~~
      |                             |
      |                             uint64_t * {aka long long unsigned int *}
In file included from ../Core/Inc/stm32l0xx_hal_conf.h:280,
                 from ../Drivers/STM32L0xx_HAL_Driver/Inc/stm32l0xx_hal.h:30,
                 from ../Core/Inc/main.h:31,
                 from ../Core/Src/main.c:21:
../Drivers/STM32L0xx_HAL_Driver/Inc/stm32l0xx_hal_uart.h:1488:73: note: expected 'uint8_t *' {aka 'unsigned char *'} but argument is of type 'uint64_t *' {aka 'long long unsigned int *'}
 1488 | HAL_StatusTypeDef HAL_UART_Transmit(UART_HandleTypeDef *huart, uint8_t *pData, uint16_t Size, uint32_t Timeout);
      |                                                                ~~~~~~~~~^~~~~
../Core/Src/main.c:645:29: warning: passing argument 2 of 'HAL_UART_Transmit' from incompatible pointer type [-Wincompatible-pointer-types]
  645 |  HAL_UART_Transmit(&huart5, &tx_frame.address16, 2, 100);
      |                             ^~~~~~~~~~~~~~~~~~~
      |                             |
      |                             uint16_t * {aka short unsigned int *}
In file included from ../Core/Inc/stm32l0xx_hal_conf.h:280,
                 from ../Drivers/STM32L0xx_HAL_Driver/Inc/stm32l0xx_hal.h:30,
                 from ../Core/Inc/main.h:31,
                 from ../Core/Src/main.c:21:
../Drivers/STM32L0xx_HAL_Driver/Inc/stm32l0xx_hal_uart.h:1488:73: note: expected 'uint8_t *' {aka 'unsigned char *'} but argument is of type 'uint16_t *' {aka 'short unsigned int *'}
 1488 | HAL_StatusTypeDef HAL_UART_Transmit(UART_HandleTypeDef *huart, uint8_t *pData, uint16_t Size, uint32_t Timeout);
      |                                                                ~~~~~~~~~^~~~~
../Core/Src/main.c:648:55: warning: pointer targets in passing argument 1 of 'strlen' differ in signedness [-Wpointer-sign]
  648 |  HAL_UART_Transmit(&huart5, &tx_frame.content, strlen(string), 100);
      |                                                       ^~~~~~
      |                                                       |
      |                                                       uint8_t * {aka unsigned char *}
../Core/Src/main.c:648:55: note: expected 'const char *' but argument is of type 'uint8_t *' {aka 'unsigned char *'}
../Core/Src/main.c:648:29: warning: passing argument 2 of 'HAL_UART_Transmit' from incompatible pointer type [-Wincompatible-pointer-types]
  648 |  HAL_UART_Transmit(&huart5, &tx_frame.content, strlen(string), 100);
      |                             ^~~~~~~~~~~~~~~~~
      |                             |
      |                             uint8_t (*)[256] {aka unsigned char (*)[256]}
In file included from ../Core/Inc/stm32l0xx_hal_conf.h:280,
                 from ../Drivers/STM32L0xx_HAL_Driver/Inc/stm32l0xx_hal.h:30,
                 from ../Core/Inc/main.h:31,
                 from ../Core/Src/main.c:21:
../Drivers/STM32L0xx_HAL_Driver/Inc/stm32l0xx_hal_uart.h:1488:73: note: expected 'uint8_t *' {aka 'unsigned char *'} but argument is of type 'uint8_t (*)[256]' {aka 'unsigned char (*)[256]'}
 1488 | HAL_StatusTypeDef HAL_UART_Transmit(UART_HandleTypeDef *huart, uint8_t *pData, uint16_t Size, uint32_t Timeout);
      |                                                                ~~~~~~~~~^~~~~
../Core/Src/main.c: In function 'xbee_send_alert':
../Core/Src/main.c:653:2: warning: incompatible implicit declaration of built-in function 'sprintf'
  653 |  sprintf(string, "E%u_%li\n", (uint8_t)123, bee_count);
      |  ^~~~~~~
../Core/Src/main.c:653:2: note: include '<stdio.h>' or provide a declaration of 'sprintf'
../Core/Src/main.c:653:10: warning: pointer targets in passing argument 1 of 'sprintf' differ in signedness [-Wpointer-sign]
  653 |  sprintf(string, "E%u_%li\n", (uint8_t)123, bee_count);
      |          ^~~~~~
      |          |
      |          uint8_t * {aka unsigned char *}
../Core/Src/main.c:653:10: note: expected 'char *' but argument is of type 'uint8_t *' {aka 'unsigned char *'}
arm-none-eabi-gcc -o "pgm_comtage.elf" @"objects.list"   -mcpu=cortex-m0plus -T"C:\Users\antoine.serry\Desktop\Nouveau dossier\SysBee\programmes\cubeWorkspace\pgm_comtage\STM32L073CZTX_FLASH.ld" --specs=nosys.specs -Wl,-Map="pgm_comtage.map" -Wl,--gc-sections -static --specs=nano.specs -mfloat-abi=soft -mthumb -Wl,--start-group -lc -lm -Wl,--end-group
Finished building target: pgm_comtage.elf
 
arm-none-eabi-size   pgm_comtage.elf 
arm-none-eabi-objdump -h -S  pgm_comtage.elf  > "pgm_comtage.list"
arm-none-eabi-objcopy  -O binary  pgm_comtage.elf  "pgm_comtage.bin"
   text	   data	    bss	    dec	    hex	filename
  19264	    556	   2156	  21976	   55d8	pgm_comtage.elf
Finished building: default.size.stdout
 
Finished building: pgm_comtage.bin
 
Finished building: pgm_comtage.list
 
