16:15:34 **** Incremental Build of configuration Debug for project pgm_comtage ****
make -j12 all 
arm-none-eabi-gcc "../Core/Src/main.c" -mcpu=cortex-m0plus -std=gnu11 -g3 -DDEBUG -DUSE_HAL_DRIVER -DSTM32L073xx -c -I../Core/Inc -I../Drivers/STM32L0xx_HAL_Driver/Inc -I../Drivers/STM32L0xx_HAL_Driver/Inc/Legacy -I../Drivers/CMSIS/Device/ST/STM32L0xx/Include -I../Drivers/CMSIS/Include -I"../Core/xbee/include" -O0 -ffunction-sections -fdata-sections -Wall -fstack-usage -MMD -MP -MF"Core/Src/main.d" -MT"Core/Src/main.o" --specs=nano.specs -mfloat-abi=soft -mthumb -o "Core/Src/main.o"
../Core/Src/main.c: In function 'main':
../Core/Src/main.c:400:35: warning: pointer targets in passing argument 2 of 'HAL_UART_Transmit' differ in signedness [-Wpointer-sign]
  400 |        HAL_UART_Transmit(&huart5, "+++", 3, 100);
      |                                   ^~~~~
      |                                   |
      |                                   char *
In file included from ../Core/Inc/stm32l0xx_hal_conf.h:280,
                 from ../Drivers/STM32L0xx_HAL_Driver/Inc/stm32l0xx_hal.h:30,
                 from ../Core/Inc/main.h:31,
                 from ../Core/Src/main.c:21:
../Drivers/STM32L0xx_HAL_Driver/Inc/stm32l0xx_hal_uart.h:1488:73: note: expected 'uint8_t *' {aka 'unsigned char *'} but argument is of type 'char *'
 1488 | HAL_StatusTypeDef HAL_UART_Transmit(UART_HandleTypeDef *huart, uint8_t *pData, uint16_t Size, uint32_t Timeout);
      |                                                                ~~~~~~~~~^~~~~
../Core/Src/main.c:424:36: warning: pointer targets in passing argument 2 of 'HAL_UART_Transmit' differ in signedness [-Wpointer-sign]
  424 |         HAL_UART_Transmit(&huart5, "ATRE\r", 5, 100);
      |                                    ^~~~~~~~
      |                                    |
      |                                    char *
In file included from ../Core/Inc/stm32l0xx_hal_conf.h:280,
                 from ../Drivers/STM32L0xx_HAL_Driver/Inc/stm32l0xx_hal.h:30,
                 from ../Core/Inc/main.h:31,
                 from ../Core/Src/main.c:21:
../Drivers/STM32L0xx_HAL_Driver/Inc/stm32l0xx_hal_uart.h:1488:73: note: expected 'uint8_t *' {aka 'unsigned char *'} but argument is of type 'char *'
 1488 | HAL_StatusTypeDef HAL_UART_Transmit(UART_HandleTypeDef *huart, uint8_t *pData, uint16_t Size, uint32_t Timeout);
      |                                                                ~~~~~~~~~^~~~~
../Core/Src/main.c:451:9: warning: implicit declaration of function 'sprintf' [-Wimplicit-function-declaration]
  451 |         sprintf(string, "ATWR\r");
      |         ^~~~~~~
../Core/Src/main.c:451:9: warning: incompatible implicit declaration of built-in function 'sprintf'
../Core/Src/main.c:22:1: note: include '<stdio.h>' or provide a declaration of 'sprintf'
   21 | #include "main.h"
  +++ |+#include <stdio.h>
   22 | 
../Core/Src/main.c:453:13: warning: incompatible implicit declaration of built-in function 'sprintf'
  453 |        else sprintf(string, "AT%s%s\r", config[config_step][0], config[config_step][1]);
      |             ^~~~~~~
../Core/Src/main.c:453:13: note: include '<stdio.h>' or provide a declaration of 'sprintf'
../Core/Src/main.c:456:43: warning: implicit declaration of function 'strlen' [-Wimplicit-function-declaration]
  456 |        HAL_UART_Transmit(&huart5, string, strlen(string), 100);
      |                                           ^~~~~~
../Core/Src/main.c:456:43: warning: incompatible implicit declaration of built-in function 'strlen'
../Core/Src/main.c:22:1: note: include '<string.h>' or provide a declaration of 'strlen'
   21 | #include "main.h"
  +++ |+#include <string.h>
   22 | 
../Core/Src/main.c:456:35: warning: pointer targets in passing argument 2 of 'HAL_UART_Transmit' differ in signedness [-Wpointer-sign]
  456 |        HAL_UART_Transmit(&huart5, string, strlen(string), 100);
      |                                   ^~~~~~
      |                                   |
      |                                   char *
In file included from ../Core/Inc/stm32l0xx_hal_conf.h:280,
                 from ../Drivers/STM32L0xx_HAL_Driver/Inc/stm32l0xx_hal.h:30,
                 from ../Core/Inc/main.h:31,
                 from ../Core/Src/main.c:21:
../Drivers/STM32L0xx_HAL_Driver/Inc/stm32l0xx_hal_uart.h:1488:73: note: expected 'uint8_t *' {aka 'unsigned char *'} but argument is of type 'char *'
 1488 | HAL_StatusTypeDef HAL_UART_Transmit(UART_HandleTypeDef *huart, uint8_t *pData, uint16_t Size, uint32_t Timeout);
      |                                                                ~~~~~~~~~^~~~~
../Core/Src/main.c: In function 'xbee_send_string':
../Core/Src/main.c:949:27: warning: incompatible implicit declaration of built-in function 'strlen'
  949 |  tx_frame.length = 0x0E + strlen(string);
      |                           ^~~~~~
../Core/Src/main.c:949:27: note: include '<string.h>' or provide a declaration of 'strlen'
../Core/Src/main.c:949:34: warning: pointer targets in passing argument 1 of 'strlen' differ in signedness [-Wpointer-sign]
  949 |  tx_frame.length = 0x0E + strlen(string);
      |                                  ^~~~~~
      |                                  |
      |                                  uint8_t * {aka unsigned char *}
../Core/Src/main.c:949:34: note: expected 'const char *' but argument is of type 'uint8_t *' {aka 'unsigned char *'}
../Core/Src/main.c:957:2: warning: implicit declaration of function 'memcpy' [-Wimplicit-function-declaration]
  957 |  memcpy(tx_frame.content, string, strlen(string));
      |  ^~~~~~
../Core/Src/main.c:957:2: warning: incompatible implicit declaration of built-in function 'memcpy'
../Core/Src/main.c:957:2: note: include '<string.h>' or provide a declaration of 'memcpy'
../Core/Src/main.c:957:42: warning: pointer targets in passing argument 1 of 'strlen' differ in signedness [-Wpointer-sign]
  957 |  memcpy(tx_frame.content, string, strlen(string));
      |                                          ^~~~~~
      |                                          |
      |                                          uint8_t * {aka unsigned char *}
../Core/Src/main.c:957:42: note: expected 'const char *' but argument is of type 'uint8_t *' {aka 'unsigned char *'}
../Core/Src/main.c:971:29: warning: pointer targets in passing argument 2 of 'HAL_UART_Transmit' differ in signedness [-Wpointer-sign]
  971 |  HAL_UART_Transmit(&huart5, "~", 1, 100);
      |                             ^~~
      |                             |
      |                             char *
In file included from ../Core/Inc/stm32l0xx_hal_conf.h:280,
                 from ../Drivers/STM32L0xx_HAL_Driver/Inc/stm32l0xx_hal.h:30,
                 from ../Core/Inc/main.h:31,
                 from ../Core/Src/main.c:21:
../Drivers/STM32L0xx_HAL_Driver/Inc/stm32l0xx_hal_uart.h:1488:73: note: expected 'uint8_t *' {aka 'unsigned char *'} but argument is of type 'char *'
 1488 | HAL_StatusTypeDef HAL_UART_Transmit(UART_HandleTypeDef *huart, uint8_t *pData, uint16_t Size, uint32_t Timeout);
      |                                                                ~~~~~~~~~^~~~~
../Core/Src/main.c:975:29: warning: passing argument 2 of 'HAL_UART_Transmit' from incompatible pointer type [-Wincompatible-pointer-types]
  975 |  HAL_UART_Transmit(&huart5, &tx_frame.address64, 8, 100);
      |                             ^~~~~~~~~~~~~~~~~~~
      |                             |
      |                             uint64_t * {aka long long unsigned int *}
In file included from ../Core/Inc/stm32l0xx_hal_conf.h:280,
                 from ../Drivers/STM32L0xx_HAL_Driver/Inc/stm32l0xx_hal.h:30,
                 from ../Core/Inc/main.h:31,
                 from ../Core/Src/main.c:21:
../Drivers/STM32L0xx_HAL_Driver/Inc/stm32l0xx_hal_uart.h:1488:73: note: expected 'uint8_t *' {aka 'unsigned char *'} but argument is of type 'uint64_t *' {aka 'long long unsigned int *'}
 1488 | HAL_StatusTypeDef HAL_UART_Transmit(UART_HandleTypeDef *huart, uint8_t *pData, uint16_t Size, uint32_t Timeout);
      |                                                                ~~~~~~~~~^~~~~
../Core/Src/main.c:976:29: warning: passing argument 2 of 'HAL_UART_Transmit' from incompatible pointer type [-Wincompatible-pointer-types]
  976 |  HAL_UART_Transmit(&huart5, &tx_frame.address16, 2, 100);
      |                             ^~~~~~~~~~~~~~~~~~~
      |                             |
      |                             uint16_t * {aka short unsigned int *}
In file included from ../Core/Inc/stm32l0xx_hal_conf.h:280,
                 from ../Drivers/STM32L0xx_HAL_Driver/Inc/stm32l0xx_hal.h:30,
                 from ../Core/Inc/main.h:31,
                 from ../Core/Src/main.c:21:
../Drivers/STM32L0xx_HAL_Driver/Inc/stm32l0xx_hal_uart.h:1488:73: note: expected 'uint8_t *' {aka 'unsigned char *'} but argument is of type 'uint16_t *' {aka 'short unsigned int *'}
 1488 | HAL_StatusTypeDef HAL_UART_Transmit(UART_HandleTypeDef *huart, uint8_t *pData, uint16_t Size, uint32_t Timeout);
      |                                                                ~~~~~~~~~^~~~~
../Core/Src/main.c:979:55: warning: pointer targets in passing argument 1 of 'strlen' differ in signedness [-Wpointer-sign]
  979 |  HAL_UART_Transmit(&huart5, &tx_frame.content, strlen(string), 100);
      |                                                       ^~~~~~
      |                                                       |
      |                                                       uint8_t * {aka unsigned char *}
../Core/Src/main.c:979:55: note: expected 'const char *' but argument is of type 'uint8_t *' {aka 'unsigned char *'}
../Core/Src/main.c:979:29: warning: passing argument 2 of 'HAL_UART_Transmit' from incompatible pointer type [-Wincompatible-pointer-types]
  979 |  HAL_UART_Transmit(&huart5, &tx_frame.content, strlen(string), 100);
      |                             ^~~~~~~~~~~~~~~~~
      |                             |
      |                             uint8_t (*)[256] {aka unsigned char (*)[256]}
In file included from ../Core/Inc/stm32l0xx_hal_conf.h:280,
                 from ../Drivers/STM32L0xx_HAL_Driver/Inc/stm32l0xx_hal.h:30,
                 from ../Core/Inc/main.h:31,
                 from ../Core/Src/main.c:21:
../Drivers/STM32L0xx_HAL_Driver/Inc/stm32l0xx_hal_uart.h:1488:73: note: expected 'uint8_t *' {aka 'unsigned char *'} but argument is of type 'uint8_t (*)[256]' {aka 'unsigned char (*)[256]'}
 1488 | HAL_StatusTypeDef HAL_UART_Transmit(UART_HandleTypeDef *huart, uint8_t *pData, uint16_t Size, uint32_t Timeout);
      |                                                                ~~~~~~~~~^~~~~
../Core/Src/main.c: In function 'xbee_send_alert':
../Core/Src/main.c:986:3: warning: incompatible implicit declaration of built-in function 'sprintf'
  986 |   sprintf(string, "E %s %li %li\r", config[1][1], bee_count, bee_rate);
      |   ^~~~~~~
../Core/Src/main.c:986:3: note: include '<stdio.h>' or provide a declaration of 'sprintf'
../Core/Src/main.c:986:11: warning: pointer targets in passing argument 1 of 'sprintf' differ in signedness [-Wpointer-sign]
  986 |   sprintf(string, "E %s %li %li\r", config[1][1], bee_count, bee_rate);
      |           ^~~~~~
      |           |
      |           uint8_t * {aka unsigned char *}
../Core/Src/main.c:986:11: note: expected 'char *' but argument is of type 'uint8_t *' {aka 'unsigned char *'}
../Core/Src/main.c:986:31: warning: format '%li' expects argument of type 'long int', but argument 5 has type 'int' [-Wformat=]
  986 |   sprintf(string, "E %s %li %li\r", config[1][1], bee_count, bee_rate);
      |                             ~~^                              ~~~~~~~~
      |                               |                              |
      |                               long int                       int
      |                             %i
../Core/Src/main.c: In function 'read_xbee':
../Core/Src/main.c:1111:6: warning: implicit declaration of function 'memset' [-Wimplicit-function-declaration]
 1111 |      memset(&received_frame, 0, sizeof(received_frame));
      |      ^~~~~~
../Core/Src/main.c:1111:6: warning: incompatible implicit declaration of built-in function 'memset'
../Core/Src/main.c:1111:6: note: include '<string.h>' or provide a declaration of 'memset'
arm-none-eabi-gcc -o "pgm_comtage.elf" @"objects.list"   -mcpu=cortex-m0plus -T"C:\Documents\Travail\SysBee\programmes\cubeWorkspace\pgm_comtage\STM32L073CZTX_FLASH.ld" --specs=nosys.specs -Wl,-Map="pgm_comtage.map" -Wl,--gc-sections -static --specs=nano.specs -mfloat-abi=soft -mthumb -Wl,--start-group -lc -lm -Wl,--end-group
Finished building target: pgm_comtage.elf
 
arm-none-eabi-size   pgm_comtage.elf 
arm-none-eabi-objdump -h -S  pgm_comtage.elf  > "pgm_comtage.list"
arm-none-eabi-objcopy  -O binary  pgm_comtage.elf  "pgm_comtage.bin"
   text	   data	    bss	    dec	    hex	filename
  24772	    756	   2680	  28208	   6e30	pgm_comtage.elf
Finished building: default.size.stdout
 
Finished building: pgm_comtage.bin
 
Finished building: pgm_comtage.list
 

16:15:34 Build Finished. 0 errors, 23 warnings. (took 870ms)

