09:46:43 **** Build of configuration Debug for project sx1272mb2das ****
make all 
arm-none-eabi-gcc "C:/Users/antoine.serry/Desktop/en.i-cube_lrwan_v2.1.0/STM32CubeExpansion_LRWAN_V2.1.0/Projects/NUCLEO-L073RZ/Applications/LoRaWAN/LoRaWAN_End_Node/LoRaWAN/Target/nucleo_l073rz_bus.c" -mcpu=cortex-m0plus -std=gnu11 -g3 -DSTM32L073xx -DUSE_STM32L0XX_NUCLEO -DSX1272MB2DAS -c -I../../../LoRaWAN/App -I../../../LoRaWAN/Target -I../../../Core/Inc -I../../../../../../../../Utilities/misc -I../../../../../../../../Utilities/timer -I../../../../../../../../Utilities/trace/adv_trace -I../../../../../../../../Utilities/lpm/tiny_lpm -I../../../../../../../../Utilities/sequencer -I../../../../../../../../Drivers/BSP/STM32L0xx_Nucleo -I../../../../../../../../Drivers/BSP/sx1272mb2das -I../../../../../../../../Drivers/STM32L0xx_HAL_Driver/Inc -I../../../../../../../../Drivers/CMSIS/Device/ST/STM32L0xx/Include -I../../../../../../../../Drivers/CMSIS/Include -I../../../../../../../../Middlewares/Third_Party/SubGHz_Phy -I../../../../../../../../Middlewares/Third_Party/SubGHz_Phy/sx1272 -I../../../../../../../../Middlewares/Third_Party/LoRaWAN/Crypto -I../../../../../../../../Middlewares/Third_Party/LoRaWAN/Mac -I../../../../../../../../Middlewares/Third_Party/LoRaWAN/Mac/Region -I../../../../../../../../Middlewares/Third_Party/LoRaWAN/Utilities -I../../../../../../../../Middlewares/Third_Party/LoRaWAN/LmHandler -I../../../../../../../../Middlewares/Third_Party/LoRaWAN/LmHandler/packages -I../../../../../../../../Drivers/BSP/IKS01A2 -I../../../../../../../../Drivers/BSP/Components/Common -I../../../../../../../../Drivers/BSP/Components/hts221 -I../../../../../../../../Drivers/BSP/Components/lps22hb -I../../../../../../../../Drivers/BSP/Components/lsm6dsl -I../../../../../../../../Drivers/BSP/Components/lsm303agr -Os -ffunction-sections -Wall -fstack-usage -MMD -MP -MF"Application/Target/nucleo_l073rz_bus.d" -MT"Application/Target/nucleo_l073rz_bus.o" --specs=nano.specs -mfloat-abi=soft -mthumb -o "Application/Target/nucleo_l073rz_bus.o"
arm-none-eabi-gcc -o "sx1272mb2das.elf" @"objects.list"   -mcpu=cortex-m0plus -T"../STM32L073RZTx_FLASH.ld" --specs=nosys.specs -Wl,-Map="sx1272mb2das.map" -Wl,--gc-sections -static --specs=nano.specs -mfloat-abi=soft -mthumb -Wl,--start-group -lc -lm -Wl,--end-group
Finished building target: sx1272mb2das.elf
 
arm-none-eabi-size   sx1272mb2das.elf 
   text	   data	    bss	    dec	    hex	filename
  61628	    248	   8072	  69948	  1113c	sx1272mb2das.elf
Finished building: default.size.stdout
 
arm-none-eabi-objdump -h -S  sx1272mb2das.elf  > "sx1272mb2das.list"
Finished building: sx1272mb2das.list
 
arm-none-eabi-objcopy  -O binary  sx1272mb2das.elf  "sx1272mb2das.bin"
Finished building: sx1272mb2das.bin
 

09:46:46 Build Finished. 0 errors, 0 warnings. (took 3s.240ms)

